<?xml version="1.0"?>
<link_info>
   <banner>MSP430 Linker PC v4.4.3</banner>
   <copyright>Copyright (c) 2003-2015 Texas Instruments Incorporated</copyright>
   <link_time>0x559e856e</link_time>
   <link_errors>0x0</link_errors>
   <output_file>DRV8880EVM_v1p1.out</output_file>
   <entry_point>
      <name>_c_int00_noargs_noexit</name>
      <address>0x3336</address>
   </entry_point>
   <input_file_list>
      <input_file id="fl-2">
         <path>.\</path>
         <kind>object</kind>
         <file>ISR.obj</file>
         <name>ISR.obj</name>
      </input_file>
      <input_file id="fl-3">
         <path>.\</path>
         <kind>object</kind>
         <file>Pragmas.obj</file>
         <name>Pragmas.obj</name>
      </input_file>
      <input_file id="fl-4">
         <path>.\</path>
         <kind>object</kind>
         <file>Serial_Cmd_Monitor.obj</file>
         <name>Serial_Cmd_Monitor.obj</name>
      </input_file>
      <input_file id="fl-5">
         <path>.\</path>
         <kind>object</kind>
         <file>main.obj</file>
         <name>main.obj</name>
      </input_file>
      <input_file id="fl-6">
         <path>.\</path>
         <kind>object</kind>
         <file>uart.obj</file>
         <name>uart.obj</name>
      </input_file>
      <input_file id="fl-7">
         <path>.\</path>
         <kind>object</kind>
         <file>utility.obj</file>
         <name>utility.obj</name>
      </input_file>
      <input_file id="fl-36">
         <path>C:\ti\ccsv6\tools\compiler\ti-cgt-msp430_4.4.3\lib\</path>
         <kind>archive</kind>
         <file>rts430x_lc_rd_eabi.lib</file>
         <name>boot.obj</name>
      </input_file>
      <input_file id="fl-37">
         <path>C:\ti\ccsv6\tools\compiler\ti-cgt-msp430_4.4.3\lib\</path>
         <kind>archive</kind>
         <file>rts430x_lc_rd_eabi.lib</file>
         <name>boot_special.obj</name>
      </input_file>
      <input_file id="fl-38">
         <path>C:\ti\ccsv6\tools\compiler\ti-cgt-msp430_4.4.3\lib\</path>
         <kind>archive</kind>
         <file>rts430x_lc_rd_eabi.lib</file>
         <name>copy_decompress_none.obj</name>
      </input_file>
      <input_file id="fl-39">
         <path>C:\ti\ccsv6\tools\compiler\ti-cgt-msp430_4.4.3\lib\</path>
         <kind>archive</kind>
         <file>rts430x_lc_rd_eabi.lib</file>
         <name>copy_decompress_rle.obj</name>
      </input_file>
      <input_file id="fl-3a">
         <path>C:\ti\ccsv6\tools\compiler\ti-cgt-msp430_4.4.3\lib\</path>
         <kind>archive</kind>
         <file>rts430x_lc_rd_eabi.lib</file>
         <name>copy_zero_init.obj</name>
      </input_file>
      <input_file id="fl-3b">
         <path>C:\ti\ccsv6\tools\compiler\ti-cgt-msp430_4.4.3\lib\</path>
         <kind>archive</kind>
         <file>rts430x_lc_rd_eabi.lib</file>
         <name>cvtdf.obj</name>
      </input_file>
      <input_file id="fl-3c">
         <path>C:\ti\ccsv6\tools\compiler\ti-cgt-msp430_4.4.3\lib\</path>
         <kind>archive</kind>
         <file>rts430x_lc_rd_eabi.lib</file>
         <name>cvtfd.obj</name>
      </input_file>
      <input_file id="fl-3d">
         <path>C:\ti\ccsv6\tools\compiler\ti-cgt-msp430_4.4.3\lib\</path>
         <kind>archive</kind>
         <file>rts430x_lc_rd_eabi.lib</file>
         <name>div32u.obj</name>
      </input_file>
      <input_file id="fl-3e">
         <path>C:\ti\ccsv6\tools\compiler\ti-cgt-msp430_4.4.3\lib\</path>
         <kind>archive</kind>
         <file>rts430x_lc_rd_eabi.lib</file>
         <name>exit.obj</name>
      </input_file>
      <input_file id="fl-3f">
         <path>C:\ti\ccsv6\tools\compiler\ti-cgt-msp430_4.4.3\lib\</path>
         <kind>archive</kind>
         <file>rts430x_lc_rd_eabi.lib</file>
         <name>fltud.obj</name>
      </input_file>
      <input_file id="fl-40">
         <path>C:\ti\ccsv6\tools\compiler\ti-cgt-msp430_4.4.3\lib\</path>
         <kind>archive</kind>
         <file>rts430x_lc_rd_eabi.lib</file>
         <name>fltuld.obj</name>
      </input_file>
      <input_file id="fl-41">
         <path>C:\ti\ccsv6\tools\compiler\ti-cgt-msp430_4.4.3\lib\</path>
         <kind>archive</kind>
         <file>rts430x_lc_rd_eabi.lib</file>
         <name>fs_add.obj</name>
      </input_file>
      <input_file id="fl-42">
         <path>C:\ti\ccsv6\tools\compiler\ti-cgt-msp430_4.4.3\lib\</path>
         <kind>archive</kind>
         <file>rts430x_lc_rd_eabi.lib</file>
         <name>fs_cmp.obj</name>
      </input_file>
      <input_file id="fl-43">
         <path>C:\ti\ccsv6\tools\compiler\ti-cgt-msp430_4.4.3\lib\</path>
         <kind>archive</kind>
         <file>rts430x_lc_rd_eabi.lib</file>
         <name>fs_div.obj</name>
      </input_file>
      <input_file id="fl-44">
         <path>C:\ti\ccsv6\tools\compiler\ti-cgt-msp430_4.4.3\lib\</path>
         <kind>archive</kind>
         <file>rts430x_lc_rd_eabi.lib</file>
         <name>fs_mpy.obj</name>
      </input_file>
      <input_file id="fl-45">
         <path>C:\ti\ccsv6\tools\compiler\ti-cgt-msp430_4.4.3\lib\</path>
         <kind>archive</kind>
         <file>rts430x_lc_rd_eabi.lib</file>
         <name>fs_toul.obj</name>
      </input_file>
      <input_file id="fl-46">
         <path>C:\ti\ccsv6\tools\compiler\ti-cgt-msp430_4.4.3\lib\</path>
         <kind>archive</kind>
         <file>rts430x_lc_rd_eabi.lib</file>
         <name>fs_ultof.obj</name>
      </input_file>
      <input_file id="fl-47">
         <path>C:\ti\ccsv6\tools\compiler\ti-cgt-msp430_4.4.3\lib\</path>
         <kind>archive</kind>
         <file>rts430x_lc_rd_eabi.lib</file>
         <name>fs_utof.obj</name>
      </input_file>
      <input_file id="fl-48">
         <path>C:\ti\ccsv6\tools\compiler\ti-cgt-msp430_4.4.3\lib\</path>
         <kind>archive</kind>
         <file>rts430x_lc_rd_eabi.lib</file>
         <name>int00.obj</name>
      </input_file>
      <input_file id="fl-49">
         <path>C:\ti\ccsv6\tools\compiler\ti-cgt-msp430_4.4.3\lib\</path>
         <kind>archive</kind>
         <file>rts430x_lc_rd_eabi.lib</file>
         <name>int01.obj</name>
      </input_file>
      <input_file id="fl-4a">
         <path>C:\ti\ccsv6\tools\compiler\ti-cgt-msp430_4.4.3\lib\</path>
         <kind>archive</kind>
         <file>rts430x_lc_rd_eabi.lib</file>
         <name>int02.obj</name>
      </input_file>
      <input_file id="fl-4b">
         <path>C:\ti\ccsv6\tools\compiler\ti-cgt-msp430_4.4.3\lib\</path>
         <kind>archive</kind>
         <file>rts430x_lc_rd_eabi.lib</file>
         <name>int03.obj</name>
      </input_file>
      <input_file id="fl-4c">
         <path>C:\ti\ccsv6\tools\compiler\ti-cgt-msp430_4.4.3\lib\</path>
         <kind>archive</kind>
         <file>rts430x_lc_rd_eabi.lib</file>
         <name>int04.obj</name>
      </input_file>
      <input_file id="fl-4d">
         <path>C:\ti\ccsv6\tools\compiler\ti-cgt-msp430_4.4.3\lib\</path>
         <kind>archive</kind>
         <file>rts430x_lc_rd_eabi.lib</file>
         <name>int05.obj</name>
      </input_file>
      <input_file id="fl-4e">
         <path>C:\ti\ccsv6\tools\compiler\ti-cgt-msp430_4.4.3\lib\</path>
         <kind>archive</kind>
         <file>rts430x_lc_rd_eabi.lib</file>
         <name>int06.obj</name>
      </input_file>
      <input_file id="fl-4f">
         <path>C:\ti\ccsv6\tools\compiler\ti-cgt-msp430_4.4.3\lib\</path>
         <kind>archive</kind>
         <file>rts430x_lc_rd_eabi.lib</file>
         <name>int07.obj</name>
      </input_file>
      <input_file id="fl-50">
         <path>C:\ti\ccsv6\tools\compiler\ti-cgt-msp430_4.4.3\lib\</path>
         <kind>archive</kind>
         <file>rts430x_lc_rd_eabi.lib</file>
         <name>int08.obj</name>
      </input_file>
      <input_file id="fl-51">
         <path>C:\ti\ccsv6\tools\compiler\ti-cgt-msp430_4.4.3\lib\</path>
         <kind>archive</kind>
         <file>rts430x_lc_rd_eabi.lib</file>
         <name>int09.obj</name>
      </input_file>
      <input_file id="fl-52">
         <path>C:\ti\ccsv6\tools\compiler\ti-cgt-msp430_4.4.3\lib\</path>
         <kind>archive</kind>
         <file>rts430x_lc_rd_eabi.lib</file>
         <name>int10.obj</name>
      </input_file>
      <input_file id="fl-53">
         <path>C:\ti\ccsv6\tools\compiler\ti-cgt-msp430_4.4.3\lib\</path>
         <kind>archive</kind>
         <file>rts430x_lc_rd_eabi.lib</file>
         <name>int11.obj</name>
      </input_file>
      <input_file id="fl-54">
         <path>C:\ti\ccsv6\tools\compiler\ti-cgt-msp430_4.4.3\lib\</path>
         <kind>archive</kind>
         <file>rts430x_lc_rd_eabi.lib</file>
         <name>int12.obj</name>
      </input_file>
      <input_file id="fl-55">
         <path>C:\ti\ccsv6\tools\compiler\ti-cgt-msp430_4.4.3\lib\</path>
         <kind>archive</kind>
         <file>rts430x_lc_rd_eabi.lib</file>
         <name>int13.obj</name>
      </input_file>
      <input_file id="fl-56">
         <path>C:\ti\ccsv6\tools\compiler\ti-cgt-msp430_4.4.3\lib\</path>
         <kind>archive</kind>
         <file>rts430x_lc_rd_eabi.lib</file>
         <name>int20.obj</name>
      </input_file>
      <input_file id="fl-57">
         <path>C:\ti\ccsv6\tools\compiler\ti-cgt-msp430_4.4.3\lib\</path>
         <kind>archive</kind>
         <file>rts430x_lc_rd_eabi.lib</file>
         <name>int22.obj</name>
      </input_file>
      <input_file id="fl-58">
         <path>C:\ti\ccsv6\tools\compiler\ti-cgt-msp430_4.4.3\lib\</path>
         <kind>archive</kind>
         <file>rts430x_lc_rd_eabi.lib</file>
         <name>isr_trap.obj</name>
      </input_file>
      <input_file id="fl-59">
         <path>C:\ti\ccsv6\tools\compiler\ti-cgt-msp430_4.4.3\lib\</path>
         <kind>archive</kind>
         <file>rts430x_lc_rd_eabi.lib</file>
         <name>lsl16.obj</name>
      </input_file>
      <input_file id="fl-5a">
         <path>C:\ti\ccsv6\tools\compiler\ti-cgt-msp430_4.4.3\lib\</path>
         <kind>archive</kind>
         <file>rts430x_lc_rd_eabi.lib</file>
         <name>lsl32.obj</name>
      </input_file>
      <input_file id="fl-5b">
         <path>C:\ti\ccsv6\tools\compiler\ti-cgt-msp430_4.4.3\lib\</path>
         <kind>archive</kind>
         <file>rts430x_lc_rd_eabi.lib</file>
         <name>lsr32.obj</name>
      </input_file>
      <input_file id="fl-5c">
         <path>C:\ti\ccsv6\tools\compiler\ti-cgt-msp430_4.4.3\lib\</path>
         <kind>archive</kind>
         <file>rts430x_lc_rd_eabi.lib</file>
         <name>memcpy.obj</name>
      </input_file>
      <input_file id="fl-5d">
         <path>C:\ti\ccsv6\tools\compiler\ti-cgt-msp430_4.4.3\lib\</path>
         <kind>archive</kind>
         <file>rts430x_lc_rd_eabi.lib</file>
         <name>mpu_init.obj</name>
      </input_file>
      <input_file id="fl-5e">
         <path>C:\ti\ccsv6\tools\compiler\ti-cgt-msp430_4.4.3\lib\</path>
         <kind>archive</kind>
         <file>rts430x_lc_rd_eabi.lib</file>
         <name>mpyd.obj</name>
      </input_file>
      <input_file id="fl-5f">
         <path>C:\ti\ccsv6\tools\compiler\ti-cgt-msp430_4.4.3\lib\</path>
         <kind>archive</kind>
         <file>rts430x_lc_rd_eabi.lib</file>
         <name>mult16.obj</name>
      </input_file>
      <input_file id="fl-60">
         <path>C:\ti\ccsv6\tools\compiler\ti-cgt-msp430_4.4.3\lib\</path>
         <kind>archive</kind>
         <file>rts430x_lc_rd_eabi.lib</file>
         <name>mult1632_hw.obj</name>
      </input_file>
      <input_file id="fl-61">
         <path>C:\ti\ccsv6\tools\compiler\ti-cgt-msp430_4.4.3\lib\</path>
         <kind>archive</kind>
         <file>rts430x_lc_rd_eabi.lib</file>
         <name>mult16_hw.obj</name>
      </input_file>
      <input_file id="fl-62">
         <path>C:\ti\ccsv6\tools\compiler\ti-cgt-msp430_4.4.3\lib\</path>
         <kind>archive</kind>
         <file>rts430x_lc_rd_eabi.lib</file>
         <name>mult3264_hw.obj</name>
      </input_file>
      <input_file id="fl-63">
         <path>C:\ti\ccsv6\tools\compiler\ti-cgt-msp430_4.4.3\lib\</path>
         <kind>archive</kind>
         <file>rts430x_lc_rd_eabi.lib</file>
         <name>mult32_hw.obj</name>
      </input_file>
      <input_file id="fl-64">
         <path>C:\ti\ccsv6\tools\compiler\ti-cgt-msp430_4.4.3\lib\</path>
         <kind>archive</kind>
         <file>rts430x_lc_rd_eabi.lib</file>
         <name>mult64_hw.obj</name>
      </input_file>
      <input_file id="fl-65">
         <path>C:\ti\ccsv6\tools\compiler\ti-cgt-msp430_4.4.3\lib\</path>
         <kind>archive</kind>
         <file>rts430x_lc_rd_eabi.lib</file>
         <name>pre_init.obj</name>
      </input_file>
      <input_file id="fl-66">
         <path>C:\ti\ccsv6\tools\compiler\ti-cgt-msp430_4.4.3\lib\</path>
         <kind>archive</kind>
         <file>rts430x_lc_rd_eabi.lib</file>
         <name>_lock.obj</name>
      </input_file>
      <input_file id="fl-67">
         <path>C:\ti\ccsv6\tools\compiler\ti-cgt-msp430_4.4.3\lib\</path>
         <kind>archive</kind>
         <file>rts430x_lc_rd_eabi.lib</file>
         <name>args_main.obj</name>
      </input_file>
      <input_file id="fl-68">
         <path>C:\ti\ccsv6\tools\compiler\ti-cgt-msp430_4.4.3\lib\</path>
         <kind>archive</kind>
         <file>rts430x_lc_rd_eabi.lib</file>
         <name>asr32.obj</name>
      </input_file>
      <input_file id="fl-69">
         <path>C:\ti\ccsv6\tools\compiler\ti-cgt-msp430_4.4.3\lib\</path>
         <kind>archive</kind>
         <file>rts430x_lc_rd_eabi.lib</file>
         <name>autoinit_wdt.obj</name>
      </input_file>
      <input_file id="fl-6a">
         <path>C:\ti\ccsv6\tools\compiler\ti-cgt-msp430_4.4.3\lib\</path>
         <kind>archive</kind>
         <file>rts430x_lc_rd_eabi.lib</file>
         <name>frcmpyd.obj</name>
      </input_file>
      <input_file id="fl-6b">
         <path>C:\ti\ccsv6\tools\compiler\ti-cgt-msp430_4.4.3\lib\</path>
         <kind>archive</kind>
         <file>rts430x_lc_rd_eabi.lib</file>
         <name>mult32.obj</name>
      </input_file>
   </input_file_list>
   <object_component_list>
      <object_component id="oc-de">
         <name>.stack</name>
         <uninitialized>true</uninitialized>
         <run_address>0x30b0</run_address>
         <size>0x4</size>
         <input_file_ref idref="fl-36"/>
      </object_component>
      <object_component id="oc-465">
         <name>.stack</name>
         <uninitialized>true</uninitialized>
         <run_address>0x30b0</run_address>
         <size>0x0</size>
      </object_component>
      <object_component id="oc-310">
         <name>.mysect01</name>
         <uninitialized>true</uninitialized>
         <run_address>0x1158</run_address>
         <size>0x4</size>
         <input_file_ref idref="fl-3"/>
      </object_component>
      <object_component id="oc-2c5">
         <name>.mysect02</name>
         <uninitialized>true</uninitialized>
         <run_address>0x115c</run_address>
         <size>0x4</size>
         <input_file_ref idref="fl-3"/>
      </object_component>
      <object_component id="oc-2b1">
         <name>.mysect03</name>
         <uninitialized>true</uninitialized>
         <run_address>0x1160</run_address>
         <size>0x4</size>
         <input_file_ref idref="fl-3"/>
      </object_component>
      <object_component id="oc-28f">
         <name>.mysect04</name>
         <uninitialized>true</uninitialized>
         <run_address>0x1164</run_address>
         <size>0x4</size>
         <input_file_ref idref="fl-3"/>
      </object_component>
      <object_component id="oc-2da">
         <name>.mysect05</name>
         <uninitialized>true</uninitialized>
         <run_address>0x119c</run_address>
         <size>0x2</size>
         <input_file_ref idref="fl-3"/>
      </object_component>
      <object_component id="oc-25e">
         <name>.mysect06</name>
         <uninitialized>true</uninitialized>
         <run_address>0x119e</run_address>
         <size>0x2</size>
         <input_file_ref idref="fl-3"/>
      </object_component>
      <object_component id="oc-2d0">
         <name>.mysect07</name>
         <uninitialized>true</uninitialized>
         <run_address>0x11a0</run_address>
         <size>0x2</size>
         <input_file_ref idref="fl-3"/>
      </object_component>
      <object_component id="oc-26a">
         <name>.mysect08</name>
         <uninitialized>true</uninitialized>
         <run_address>0x11a2</run_address>
         <size>0x2</size>
         <input_file_ref idref="fl-3"/>
      </object_component>
      <object_component id="oc-2c9">
         <name>.mysect09</name>
         <uninitialized>true</uninitialized>
         <run_address>0x11a4</run_address>
         <size>0x2</size>
         <input_file_ref idref="fl-3"/>
      </object_component>
      <object_component id="oc-2d3">
         <name>.mysect10</name>
         <uninitialized>true</uninitialized>
         <run_address>0x11a6</run_address>
         <size>0x2</size>
         <input_file_ref idref="fl-3"/>
      </object_component>
      <object_component id="oc-264">
         <name>.mysect11</name>
         <uninitialized>true</uninitialized>
         <run_address>0x11a8</run_address>
         <size>0x2</size>
         <input_file_ref idref="fl-3"/>
      </object_component>
      <object_component id="oc-2cd">
         <name>.mysect12</name>
         <uninitialized>true</uninitialized>
         <run_address>0x11aa</run_address>
         <size>0x2</size>
         <input_file_ref idref="fl-3"/>
      </object_component>
      <object_component id="oc-2d7">
         <name>.mysect13</name>
         <uninitialized>true</uninitialized>
         <run_address>0x11ac</run_address>
         <size>0x2</size>
         <input_file_ref idref="fl-3"/>
      </object_component>
      <object_component id="oc-267">
         <name>.mysect14</name>
         <uninitialized>true</uninitialized>
         <run_address>0x11ae</run_address>
         <size>0x2</size>
         <input_file_ref idref="fl-3"/>
      </object_component>
      <object_component id="oc-18d">
         <name>.mysect15</name>
         <uninitialized>true</uninitialized>
         <run_address>0x11ba</run_address>
         <size>0x2</size>
         <input_file_ref idref="fl-3"/>
      </object_component>
      <object_component id="oc-255">
         <name>.mysect16</name>
         <uninitialized>true</uninitialized>
         <run_address>0x11bc</run_address>
         <size>0x2</size>
         <input_file_ref idref="fl-3"/>
      </object_component>
      <object_component id="oc-280">
         <name>.mysect17</name>
         <uninitialized>true</uninitialized>
         <run_address>0x11ce</run_address>
         <size>0x2</size>
         <input_file_ref idref="fl-3"/>
      </object_component>
      <object_component id="oc-27a">
         <name>.mysect18</name>
         <uninitialized>true</uninitialized>
         <run_address>0x11c4</run_address>
         <size>0x2</size>
         <input_file_ref idref="fl-3"/>
      </object_component>
      <object_component id="oc-277">
         <name>.mysect19</name>
         <uninitialized>true</uninitialized>
         <run_address>0x11c2</run_address>
         <size>0x2</size>
         <input_file_ref idref="fl-3"/>
      </object_component>
      <object_component id="oc-26e">
         <name>.mysect20</name>
         <uninitialized>true</uninitialized>
         <run_address>0x11be</run_address>
         <size>0x2</size>
         <input_file_ref idref="fl-3"/>
      </object_component>
      <object_component id="oc-271">
         <name>.mysect21</name>
         <uninitialized>true</uninitialized>
         <run_address>0x11cc</run_address>
         <size>0x2</size>
         <input_file_ref idref="fl-3"/>
      </object_component>
      <object_component id="oc-283">
         <name>.mysect22</name>
         <uninitialized>true</uninitialized>
         <run_address>0x11c6</run_address>
         <size>0x2</size>
         <input_file_ref idref="fl-3"/>
      </object_component>
      <object_component id="oc-286">
         <name>.mysect23</name>
         <uninitialized>true</uninitialized>
         <run_address>0x11c8</run_address>
         <size>0x2</size>
         <input_file_ref idref="fl-3"/>
      </object_component>
      <object_component id="oc-259">
         <name>.mysect24</name>
         <uninitialized>true</uninitialized>
         <run_address>0x11c0</run_address>
         <size>0x2</size>
         <input_file_ref idref="fl-3"/>
      </object_component>
      <object_component id="oc-274">
         <name>.mysect25</name>
         <uninitialized>true</uninitialized>
         <run_address>0x11ca</run_address>
         <size>0x2</size>
         <input_file_ref idref="fl-3"/>
      </object_component>
      <object_component id="oc-252">
         <name>.mysect26</name>
         <uninitialized>true</uninitialized>
         <run_address>0x11b8</run_address>
         <size>0x2</size>
         <input_file_ref idref="fl-3"/>
      </object_component>
      <object_component id="oc-289">
         <name>.mysect27</name>
         <uninitialized>true</uninitialized>
         <run_address>0x11d0</run_address>
         <size>0x2</size>
         <input_file_ref idref="fl-3"/>
      </object_component>
      <object_component id="oc-189">
         <name>.mysect28</name>
         <uninitialized>true</uninitialized>
         <run_address>0x11d2</run_address>
         <size>0x2</size>
         <input_file_ref idref="fl-3"/>
      </object_component>
      <object_component id="oc-27d">
         <name>.mysect29</name>
         <uninitialized>true</uninitialized>
         <run_address>0x11d4</run_address>
         <size>0x2</size>
         <input_file_ref idref="fl-3"/>
      </object_component>
      <object_component id="oc-28c">
         <name>.mysect30</name>
         <uninitialized>true</uninitialized>
         <run_address>0x11d6</run_address>
         <size>0x2</size>
         <input_file_ref idref="fl-3"/>
      </object_component>
      <object_component id="oc-2de">
         <name>.text:DetermineMotorMovement</name>
         <load_address>0x335e</load_address>
         <run_address>0x335e</run_address>
         <size>0x4e6</size>
         <input_file_ref idref="fl-7"/>
      </object_component>
      <object_component id="oc-1bd">
         <name>.text:UpdateDeviceControls</name>
         <load_address>0x3844</load_address>
         <run_address>0x3844</run_address>
         <size>0x324</size>
         <input_file_ref idref="fl-7"/>
      </object_component>
      <object_component id="oc-346">
         <name>.text:__TI_frcmpyd</name>
         <load_address>0x3b68</load_address>
         <run_address>0x3b68</run_address>
         <size>0x2e4</size>
         <input_file_ref idref="fl-6a"/>
      </object_component>
      <object_component id="oc-2a3">
         <name>.text:__mspabi_mpyd</name>
         <load_address>0x3e4c</load_address>
         <run_address>0x3e4c</run_address>
         <size>0x282</size>
         <input_file_ref idref="fl-5e"/>
      </object_component>
      <object_component id="oc-1c3">
         <name>.text:UpdateGUIControls</name>
         <load_address>0x40ce</load_address>
         <run_address>0x40ce</run_address>
         <size>0x236</size>
         <input_file_ref idref="fl-7"/>
      </object_component>
      <object_component id="oc-37e">
         <name>.text</name>
         <load_address>0x4304</load_address>
         <run_address>0x4304</run_address>
         <size>0x130</size>
         <input_file_ref idref="fl-41"/>
      </object_component>
      <object_component id="oc-1b7">
         <name>.text:Initialize</name>
         <load_address>0x4434</load_address>
         <run_address>0x4434</run_address>
         <size>0xe0</size>
         <input_file_ref idref="fl-7"/>
      </object_component>
      <object_component id="oc-297">
         <name>.text</name>
         <load_address>0x4514</load_address>
         <run_address>0x4514</run_address>
         <size>0xb6</size>
         <input_file_ref idref="fl-44"/>
      </object_component>
      <object_component id="oc-240">
         <name>.text:SetDefaultGUIVals</name>
         <load_address>0x45ca</load_address>
         <run_address>0x45ca</run_address>
         <size>0x90</size>
         <input_file_ref idref="fl-7"/>
      </object_component>
      <object_component id="oc-2b9">
         <name>.text</name>
         <load_address>0x465a</load_address>
         <run_address>0x465a</run_address>
         <size>0x8e</size>
         <input_file_ref idref="fl-43"/>
      </object_component>
      <object_component id="oc-2a9">
         <name>.text:__mspabi_cvtdf</name>
         <load_address>0x46e8</load_address>
         <run_address>0x46e8</run_address>
         <size>0x8c</size>
         <input_file_ref idref="fl-3b"/>
      </object_component>
      <object_component id="oc-2e4">
         <name>.text:MotorStateMachine</name>
         <load_address>0x4774</load_address>
         <run_address>0x4774</run_address>
         <size>0x76</size>
         <input_file_ref idref="fl-7"/>
      </object_component>
      <object_component id="oc-1c9">
         <name>.text:UpdateSpeed</name>
         <load_address>0x47ea</load_address>
         <run_address>0x47ea</run_address>
         <size>0x76</size>
         <input_file_ref idref="fl-7"/>
      </object_component>
      <object_component id="oc-33f">
         <name>.text:__mspabi_fltuld</name>
         <load_address>0x4860</load_address>
         <run_address>0x4860</run_address>
         <size>0x76</size>
         <input_file_ref idref="fl-40"/>
      </object_component>
      <object_component id="oc-12c">
         <name>.text:_auto_init_hold_wdt</name>
         <load_address>0x48d6</load_address>
         <run_address>0x48d6</run_address>
         <size>0x6c</size>
         <input_file_ref idref="fl-69"/>
      </object_component>
      <object_component id="oc-ef">
         <name>.text:__TI_decompress_rle_core</name>
         <load_address>0x4942</load_address>
         <run_address>0x4942</run_address>
         <size>0x68</size>
         <input_file_ref idref="fl-39"/>
      </object_component>
      <object_component id="oc-174">
         <name>.text:receivedDataCommand</name>
         <load_address>0x49aa</load_address>
         <run_address>0x49aa</run_address>
         <size>0x66</size>
         <input_file_ref idref="fl-4"/>
      </object_component>
      <object_component id="oc-2bf">
         <name>.text:__mspabi_cvtfd</name>
         <load_address>0x4a10</load_address>
         <run_address>0x4a10</run_address>
         <size>0x64</size>
         <input_file_ref idref="fl-3c"/>
      </object_component>
      <object_component id="oc-390">
         <name>.text</name>
         <load_address>0x4a74</load_address>
         <run_address>0x4a74</run_address>
         <size>0x58</size>
         <input_file_ref idref="fl-3d"/>
      </object_component>
      <object_component id="oc-302">
         <name>.text:MemAccessCmd</name>
         <load_address>0x4acc</load_address>
         <run_address>0x4acc</run_address>
         <size>0x52</size>
         <input_file_ref idref="fl-4"/>
      </object_component>
      <object_component id="oc-383">
         <name>.text</name>
         <load_address>0x4b1e</load_address>
         <run_address>0x4b1e</run_address>
         <size>0x4c</size>
         <input_file_ref idref="fl-45"/>
      </object_component>
      <object_component id="oc-3ab">
         <name>.text:WriteMAUToCOM</name>
         <load_address>0x4b6a</load_address>
         <run_address>0x4b6a</run_address>
         <size>0x4a</size>
         <input_file_ref idref="fl-4"/>
      </object_component>
      <object_component id="oc-2b4">
         <name>.text</name>
         <load_address>0x4bb4</load_address>
         <run_address>0x4bb4</run_address>
         <size>0x4a</size>
         <input_file_ref idref="fl-42"/>
      </object_component>
      <object_component id="oc-399">
         <name>.text:GetInCmdAddress</name>
         <load_address>0x4bfe</load_address>
         <run_address>0x4bfe</run_address>
         <size>0x42</size>
         <input_file_ref idref="fl-4"/>
      </object_component>
      <object_component id="oc-35e">
         <name>.text:l_asr_const</name>
         <load_address>0x4c40</load_address>
         <run_address>0x4c40</run_address>
         <size>0x3e</size>
         <input_file_ref idref="fl-68"/>
      </object_component>
      <object_component id="oc-353">
         <name>.text:l_lsl_const</name>
         <load_address>0x4c7e</load_address>
         <run_address>0x4c7e</run_address>
         <size>0x3e</size>
         <input_file_ref idref="fl-5a"/>
      </object_component>
      <object_component id="oc-38a">
         <name>.text:l_lsr_const</name>
         <load_address>0x4cbc</load_address>
         <run_address>0x4cbc</run_address>
         <size>0x3e</size>
         <input_file_ref idref="fl-5b"/>
      </object_component>
      <object_component id="oc-3a5">
         <name>.text:GetWriteCmdDataMAU</name>
         <load_address>0x4cfa</load_address>
         <run_address>0x4cfa</run_address>
         <size>0x38</size>
         <input_file_ref idref="fl-4"/>
      </object_component>
      <object_component id="oc-377">
         <name>.text</name>
         <load_address>0x4d32</load_address>
         <run_address>0x4d32</run_address>
         <size>0x32</size>
         <input_file_ref idref="fl-46"/>
      </object_component>
      <object_component id="oc-3b6">
         <name>.text</name>
         <load_address>0x4d64</load_address>
         <run_address>0x4d64</run_address>
         <size>0x30</size>
         <input_file_ref idref="fl-63"/>
      </object_component>
      <object_component id="oc-1fc">
         <name>.text:ProcessCommand</name>
         <load_address>0x4d94</load_address>
         <run_address>0x4d94</run_address>
         <size>0x26</size>
         <input_file_ref idref="fl-4"/>
      </object_component>
      <object_component id="oc-23a">
         <name>.text:uartInit</name>
         <load_address>0x4dba</load_address>
         <run_address>0x4dba</run_address>
         <size>0x26</size>
         <input_file_ref idref="fl-6"/>
      </object_component>
      <object_component id="oc-9c">
         <name>.text:decompress:ZI:__TI_zero_init</name>
         <load_address>0x4de0</load_address>
         <run_address>0x4de0</run_address>
         <size>0x24</size>
         <input_file_ref idref="fl-3a"/>
      </object_component>
      <object_component id="oc-292">
         <name>.text</name>
         <load_address>0x4e04</load_address>
         <run_address>0x4e04</run_address>
         <size>0x24</size>
         <input_file_ref idref="fl-47"/>
      </object_component>
      <object_component id="oc-2ec">
         <name>.text:WriteToCmdBuffer</name>
         <load_address>0x4e28</load_address>
         <run_address>0x4e28</run_address>
         <size>0x20</size>
         <input_file_ref idref="fl-4"/>
      </object_component>
      <object_component id="oc-1f1">
         <name>.text:GetSizeOfMAUIn8bitByte</name>
         <load_address>0x4e48</load_address>
         <run_address>0x4e48</run_address>
         <size>0x1e</size>
         <input_file_ref idref="fl-4"/>
      </object_component>
      <object_component id="oc-146">
         <name>.text:main</name>
         <load_address>0x4e66</load_address>
         <run_address>0x4e66</run_address>
         <size>0x18</size>
         <input_file_ref idref="fl-5"/>
      </object_component>
      <object_component id="oc-246">
         <name>.text:SetDefaultGPIOVals</name>
         <load_address>0x4e7e</load_address>
         <run_address>0x4e7e</run_address>
         <size>0x16</size>
         <input_file_ref idref="fl-7"/>
      </object_component>
      <object_component id="oc-1f7">
         <name>.text</name>
         <load_address>0x4e94</load_address>
         <run_address>0x4e94</run_address>
         <size>0x16</size>
         <input_file_ref idref="fl-61"/>
      </object_component>
      <object_component id="oc-1df">
         <name>.text:VerifyInputCmdHeaders</name>
         <load_address>0x4eaa</load_address>
         <run_address>0x4eaa</run_address>
         <size>0x14</size>
         <input_file_ref idref="fl-4"/>
      </object_component>
      <object_component id="oc-e2">
         <name>.text:memcpy</name>
         <load_address>0x4ebe</load_address>
         <run_address>0x4ebe</run_address>
         <size>0x14</size>
         <input_file_ref idref="fl-5c"/>
      </object_component>
      <object_component id="oc-71">
         <name>.text:decompress:none:__TI_decompress_none</name>
         <load_address>0x4ed2</load_address>
         <run_address>0x4ed2</run_address>
         <size>0x12</size>
         <input_file_ref idref="fl-38"/>
      </object_component>
      <object_component id="oc-1d3">
         <name>.text:WriteByteToInCmdBuffer</name>
         <load_address>0x4ee4</load_address>
         <run_address>0x4ee4</run_address>
         <size>0x10</size>
         <input_file_ref idref="fl-4"/>
      </object_component>
      <object_component id="oc-1e5">
         <name>.text:GetRWFlag</name>
         <load_address>0x4ef4</load_address>
         <run_address>0x4ef4</run_address>
         <size>0xc</size>
         <input_file_ref idref="fl-4"/>
      </object_component>
      <object_component id="oc-39f">
         <name>.text:uartTxByte</name>
         <load_address>0x4f00</load_address>
         <run_address>0x4f00</run_address>
         <size>0xc</size>
         <input_file_ref idref="fl-6"/>
      </object_component>
      <object_component id="oc-202">
         <name>.text:ClearBufferRelatedParam</name>
         <load_address>0x4f0c</load_address>
         <run_address>0x4f0c</run_address>
         <size>0xa</size>
         <input_file_ref idref="fl-4"/>
      </object_component>
      <object_component id="oc-2fc">
         <name>.text:GetInputCmdType</name>
         <load_address>0x4f16</load_address>
         <run_address>0x4f16</run_address>
         <size>0xa</size>
         <input_file_ref idref="fl-4"/>
      </object_component>
      <object_component id="oc-1eb">
         <name>.text:GetTransferSizeInMAU</name>
         <load_address>0x4f20</load_address>
         <run_address>0x4f20</run_address>
         <size>0xa</size>
         <input_file_ref idref="fl-4"/>
      </object_component>
      <object_component id="oc-3c8">
         <name>.text</name>
         <load_address>0x4f2a</load_address>
         <run_address>0x4f2a</run_address>
         <size>0xa</size>
         <input_file_ref idref="fl-59"/>
      </object_component>
      <object_component id="oc-29d">
         <name>.text:__mspabi_fltud</name>
         <load_address>0x4f34</load_address>
         <run_address>0x4f34</run_address>
         <size>0x6</size>
         <input_file_ref idref="fl-3f"/>
      </object_component>
      <object_component id="oc-77">
         <name>.text:decompress:rle24:__TI_decompress_rle24</name>
         <load_address>0x4f3a</load_address>
         <run_address>0x4f3a</run_address>
         <size>0x6</size>
         <input_file_ref idref="fl-39"/>
      </object_component>
      <object_component id="oc-3d0">
         <name>.text:GetTargetEndianness</name>
         <load_address>0x4f40</load_address>
         <run_address>0x4f40</run_address>
         <size>0x4</size>
         <input_file_ref idref="fl-4"/>
      </object_component>
      <object_component id="oc-126">
         <name>.text:_system_pre_init</name>
         <load_address>0x4f44</load_address>
         <run_address>0x4f44</run_address>
         <size>0x4</size>
         <input_file_ref idref="fl-65"/>
      </object_component>
      <object_component id="oc-14e">
         <name>.text:abort</name>
         <load_address>0x4f48</load_address>
         <run_address>0x4f48</run_address>
         <size>0x4</size>
         <input_file_ref idref="fl-3e"/>
      </object_component>
      <object_component id="oc-119">
         <name>.text:_isr:TimerB1</name>
         <load_address>0x3100</load_address>
         <run_address>0x3100</run_address>
         <size>0x16a</size>
         <input_file_ref idref="fl-2"/>
      </object_component>
      <object_component id="oc-10d">
         <name>.text:_isr:TimerA1</name>
         <load_address>0x326a</load_address>
         <run_address>0x326a</run_address>
         <size>0x98</size>
         <input_file_ref idref="fl-2"/>
      </object_component>
      <object_component id="oc-107">
         <name>.text:_isr:USCI0RX_ISR</name>
         <load_address>0x3302</load_address>
         <run_address>0x3302</run_address>
         <size>0x34</size>
         <input_file_ref idref="fl-6"/>
      </object_component>
      <object_component id="oc-ba">
         <name>.text:_isr:_c_int00_noargs_noexit</name>
         <load_address>0x3336</load_address>
         <run_address>0x3336</run_address>
         <size>0x1a</size>
         <input_file_ref idref="fl-37"/>
      </object_component>
      <object_component id="oc-fc">
         <name>.text:_isr:__TI_ISR_TRAP</name>
         <load_address>0x3350</load_address>
         <run_address>0x3350</run_address>
         <size>0x6</size>
         <input_file_ref idref="fl-58"/>
      </object_component>
      <object_component id="oc-113">
         <name>.text:_isr:watchdog_timer</name>
         <load_address>0x3356</load_address>
         <run_address>0x3356</run_address>
         <size>0x6</size>
         <input_file_ref idref="fl-2"/>
      </object_component>
      <object_component id="oc-101">
         <name>.text:_isr:Trap_ISR</name>
         <load_address>0x335c</load_address>
         <run_address>0x335c</run_address>
         <size>0x2</size>
         <input_file_ref idref="fl-2"/>
      </object_component>
      <object_component id="oc-446">
         <name>.cinit..data.load</name>
         <load_address>0x4f4c</load_address>
         <run_address>0x4f4c</run_address>
         <size>0x16</size>
      </object_component>
      <object_component id="oc-443">
         <name>__TI_handler_table</name>
         <load_address>0x4f62</load_address>
         <run_address>0x4f62</run_address>
         <size>0xc</size>
      </object_component>
      <object_component id="oc-445">
         <name>.cinit..bss.load</name>
         <load_address>0x4f6e</load_address>
         <run_address>0x4f6e</run_address>
         <size>0x6</size>
      </object_component>
      <object_component id="oc-447">
         <name>.cinit..mysect01.load</name>
         <load_address>0x4f74</load_address>
         <run_address>0x4f74</run_address>
         <size>0x6</size>
      </object_component>
      <object_component id="oc-448">
         <name>.cinit..mysect02.load</name>
         <load_address>0x4f7a</load_address>
         <run_address>0x4f7a</run_address>
         <size>0x6</size>
      </object_component>
      <object_component id="oc-449">
         <name>.cinit..mysect03.load</name>
         <load_address>0x4f80</load_address>
         <run_address>0x4f80</run_address>
         <size>0x6</size>
      </object_component>
      <object_component id="oc-44a">
         <name>.cinit..mysect04.load</name>
         <load_address>0x4f86</load_address>
         <run_address>0x4f86</run_address>
         <size>0x6</size>
      </object_component>
      <object_component id="oc-44b">
         <name>.cinit..mysect05.load</name>
         <load_address>0x4f8c</load_address>
         <run_address>0x4f8c</run_address>
         <size>0x6</size>
      </object_component>
      <object_component id="oc-44c">
         <name>.cinit..mysect06.load</name>
         <load_address>0x4f92</load_address>
         <run_address>0x4f92</run_address>
         <size>0x6</size>
      </object_component>
      <object_component id="oc-44d">
         <name>.cinit..mysect07.load</name>
         <load_address>0x4f98</load_address>
         <run_address>0x4f98</run_address>
         <size>0x6</size>
      </object_component>
      <object_component id="oc-44e">
         <name>.cinit..mysect08.load</name>
         <load_address>0x4f9e</load_address>
         <run_address>0x4f9e</run_address>
         <size>0x6</size>
      </object_component>
      <object_component id="oc-44f">
         <name>.cinit..mysect09.load</name>
         <load_address>0x4fa4</load_address>
         <run_address>0x4fa4</run_address>
         <size>0x6</size>
      </object_component>
      <object_component id="oc-450">
         <name>.cinit..mysect10.load</name>
         <load_address>0x4faa</load_address>
         <run_address>0x4faa</run_address>
         <size>0x6</size>
      </object_component>
      <object_component id="oc-451">
         <name>.cinit..mysect11.load</name>
         <load_address>0x4fb0</load_address>
         <run_address>0x4fb0</run_address>
         <size>0x6</size>
      </object_component>
      <object_component id="oc-452">
         <name>.cinit..mysect12.load</name>
         <load_address>0x4fb6</load_address>
         <run_address>0x4fb6</run_address>
         <size>0x6</size>
      </object_component>
      <object_component id="oc-453">
         <name>.cinit..mysect13.load</name>
         <load_address>0x4fbc</load_address>
         <run_address>0x4fbc</run_address>
         <size>0x6</size>
      </object_component>
      <object_component id="oc-454">
         <name>.cinit..mysect14.load</name>
         <load_address>0x4fc2</load_address>
         <run_address>0x4fc2</run_address>
         <size>0x6</size>
      </object_component>
      <object_component id="oc-455">
         <name>.cinit..mysect15.load</name>
         <load_address>0x4fc8</load_address>
         <run_address>0x4fc8</run_address>
         <size>0x6</size>
      </object_component>
      <object_component id="oc-456">
         <name>.cinit..mysect16.load</name>
         <load_address>0x4fce</load_address>
         <run_address>0x4fce</run_address>
         <size>0x6</size>
      </object_component>
      <object_component id="oc-457">
         <name>.cinit..mysect17.load</name>
         <load_address>0x4fd4</load_address>
         <run_address>0x4fd4</run_address>
         <size>0x6</size>
      </object_component>
      <object_component id="oc-458">
         <name>.cinit..mysect18.load</name>
         <load_address>0x4fda</load_address>
         <run_address>0x4fda</run_address>
         <size>0x6</size>
      </object_component>
      <object_component id="oc-459">
         <name>.cinit..mysect19.load</name>
         <load_address>0x4fe0</load_address>
         <run_address>0x4fe0</run_address>
         <size>0x6</size>
      </object_component>
      <object_component id="oc-45a">
         <name>.cinit..mysect20.load</name>
         <load_address>0x4fe6</load_address>
         <run_address>0x4fe6</run_address>
         <size>0x6</size>
      </object_component>
      <object_component id="oc-45b">
         <name>.cinit..mysect21.load</name>
         <load_address>0x4fec</load_address>
         <run_address>0x4fec</run_address>
         <size>0x6</size>
      </object_component>
      <object_component id="oc-45c">
         <name>.cinit..mysect22.load</name>
         <load_address>0x4ff2</load_address>
         <run_address>0x4ff2</run_address>
         <size>0x6</size>
      </object_component>
      <object_component id="oc-45d">
         <name>.cinit..mysect23.load</name>
         <load_address>0x4ff8</load_address>
         <run_address>0x4ff8</run_address>
         <size>0x6</size>
      </object_component>
      <object_component id="oc-45e">
         <name>.cinit..mysect24.load</name>
         <load_address>0x4ffe</load_address>
         <run_address>0x4ffe</run_address>
         <size>0x6</size>
      </object_component>
      <object_component id="oc-45f">
         <name>.cinit..mysect25.load</name>
         <load_address>0x5004</load_address>
         <run_address>0x5004</run_address>
         <size>0x6</size>
      </object_component>
      <object_component id="oc-460">
         <name>.cinit..mysect26.load</name>
         <load_address>0x500a</load_address>
         <run_address>0x500a</run_address>
         <size>0x6</size>
      </object_component>
      <object_component id="oc-461">
         <name>.cinit..mysect27.load</name>
         <load_address>0x5010</load_address>
         <run_address>0x5010</run_address>
         <size>0x6</size>
      </object_component>
      <object_component id="oc-462">
         <name>.cinit..mysect28.load</name>
         <load_address>0x5016</load_address>
         <run_address>0x5016</run_address>
         <size>0x6</size>
      </object_component>
      <object_component id="oc-463">
         <name>.cinit..mysect29.load</name>
         <load_address>0x501c</load_address>
         <run_address>0x501c</run_address>
         <size>0x6</size>
      </object_component>
      <object_component id="oc-464">
         <name>.cinit..mysect30.load</name>
         <load_address>0x5022</load_address>
         <run_address>0x5022</run_address>
         <size>0x6</size>
      </object_component>
      <object_component id="oc-444">
         <name>__TI_cinit_table</name>
         <load_address>0x5028</load_address>
         <run_address>0x5028</run_address>
         <size>0x100</size>
      </object_component>
      <object_component id="oc-7d">
         <name>.int00</name>
         <load_address>0xffc0</load_address>
         <run_address>0xffc0</run_address>
         <size>0x2</size>
         <input_file_ref idref="fl-48"/>
      </object_component>
      <object_component id="oc-7e">
         <name>.int01</name>
         <load_address>0xffc2</load_address>
         <run_address>0xffc2</run_address>
         <size>0x2</size>
         <input_file_ref idref="fl-49"/>
      </object_component>
      <object_component id="oc-7f">
         <name>.int02</name>
         <load_address>0xffc4</load_address>
         <run_address>0xffc4</run_address>
         <size>0x2</size>
         <input_file_ref idref="fl-4a"/>
      </object_component>
      <object_component id="oc-80">
         <name>.int03</name>
         <load_address>0xffc6</load_address>
         <run_address>0xffc6</run_address>
         <size>0x2</size>
         <input_file_ref idref="fl-4b"/>
      </object_component>
      <object_component id="oc-81">
         <name>.int04</name>
         <load_address>0xffc8</load_address>
         <run_address>0xffc8</run_address>
         <size>0x2</size>
         <input_file_ref idref="fl-4c"/>
      </object_component>
      <object_component id="oc-82">
         <name>.int05</name>
         <load_address>0xffca</load_address>
         <run_address>0xffca</run_address>
         <size>0x2</size>
         <input_file_ref idref="fl-4d"/>
      </object_component>
      <object_component id="oc-83">
         <name>.int06</name>
         <load_address>0xffcc</load_address>
         <run_address>0xffcc</run_address>
         <size>0x2</size>
         <input_file_ref idref="fl-4e"/>
      </object_component>
      <object_component id="oc-84">
         <name>.int07</name>
         <load_address>0xffce</load_address>
         <run_address>0xffce</run_address>
         <size>0x2</size>
         <input_file_ref idref="fl-4f"/>
      </object_component>
      <object_component id="oc-85">
         <name>.int08</name>
         <load_address>0xffd0</load_address>
         <run_address>0xffd0</run_address>
         <size>0x2</size>
         <input_file_ref idref="fl-50"/>
      </object_component>
      <object_component id="oc-86">
         <name>.int09</name>
         <load_address>0xffd2</load_address>
         <run_address>0xffd2</run_address>
         <size>0x2</size>
         <input_file_ref idref="fl-51"/>
      </object_component>
      <object_component id="oc-87">
         <name>.int10</name>
         <load_address>0xffd4</load_address>
         <run_address>0xffd4</run_address>
         <size>0x2</size>
         <input_file_ref idref="fl-52"/>
      </object_component>
      <object_component id="oc-88">
         <name>.int11</name>
         <load_address>0xffd6</load_address>
         <run_address>0xffd6</run_address>
         <size>0x2</size>
         <input_file_ref idref="fl-53"/>
      </object_component>
      <object_component id="oc-89">
         <name>.int12</name>
         <load_address>0xffd8</load_address>
         <run_address>0xffd8</run_address>
         <size>0x2</size>
         <input_file_ref idref="fl-54"/>
      </object_component>
      <object_component id="oc-8a">
         <name>.int13</name>
         <load_address>0xffda</load_address>
         <run_address>0xffda</run_address>
         <size>0x2</size>
         <input_file_ref idref="fl-55"/>
      </object_component>
      <object_component id="oc-8b">
         <name>.int14</name>
         <load_address>0xffdc</load_address>
         <run_address>0xffdc</run_address>
         <size>0x2</size>
         <input_file_ref idref="fl-2"/>
      </object_component>
      <object_component id="oc-8c">
         <name>.int15</name>
         <load_address>0xffde</load_address>
         <run_address>0xffde</run_address>
         <size>0x2</size>
         <input_file_ref idref="fl-2"/>
      </object_component>
      <object_component id="oc-8d">
         <name>.int16</name>
         <load_address>0xffe0</load_address>
         <run_address>0xffe0</run_address>
         <size>0x2</size>
         <input_file_ref idref="fl-2"/>
      </object_component>
      <object_component id="oc-8e">
         <name>.int17</name>
         <load_address>0xffe2</load_address>
         <run_address>0xffe2</run_address>
         <size>0x2</size>
         <input_file_ref idref="fl-2"/>
      </object_component>
      <object_component id="oc-8f">
         <name>.int18</name>
         <load_address>0xffe4</load_address>
         <run_address>0xffe4</run_address>
         <size>0x2</size>
         <input_file_ref idref="fl-2"/>
      </object_component>
      <object_component id="oc-90">
         <name>.int19</name>
         <load_address>0xffe6</load_address>
         <run_address>0xffe6</run_address>
         <size>0x2</size>
         <input_file_ref idref="fl-2"/>
      </object_component>
      <object_component id="oc-91">
         <name>.int20</name>
         <load_address>0xffe8</load_address>
         <run_address>0xffe8</run_address>
         <size>0x2</size>
         <input_file_ref idref="fl-56"/>
      </object_component>
      <object_component id="oc-92">
         <name>.int21</name>
         <load_address>0xffea</load_address>
         <run_address>0xffea</run_address>
         <size>0x2</size>
         <input_file_ref idref="fl-2"/>
      </object_component>
      <object_component id="oc-93">
         <name>.int22</name>
         <load_address>0xffec</load_address>
         <run_address>0xffec</run_address>
         <size>0x2</size>
         <input_file_ref idref="fl-57"/>
      </object_component>
      <object_component id="oc-94">
         <name>.int23</name>
         <load_address>0xffee</load_address>
         <run_address>0xffee</run_address>
         <size>0x2</size>
         <input_file_ref idref="fl-6"/>
      </object_component>
      <object_component id="oc-95">
         <name>.int24</name>
         <load_address>0xfff0</load_address>
         <run_address>0xfff0</run_address>
         <size>0x2</size>
         <input_file_ref idref="fl-2"/>
      </object_component>
      <object_component id="oc-96">
         <name>.int25</name>
         <load_address>0xfff2</load_address>
         <run_address>0xfff2</run_address>
         <size>0x2</size>
         <input_file_ref idref="fl-2"/>
      </object_component>
      <object_component id="oc-97">
         <name>.int26</name>
         <load_address>0xfff4</load_address>
         <run_address>0xfff4</run_address>
         <size>0x2</size>
         <input_file_ref idref="fl-2"/>
      </object_component>
      <object_component id="oc-98">
         <name>.int27</name>
         <load_address>0xfff6</load_address>
         <run_address>0xfff6</run_address>
         <size>0x2</size>
         <input_file_ref idref="fl-2"/>
      </object_component>
      <object_component id="oc-99">
         <name>.int28</name>
         <load_address>0xfff8</load_address>
         <run_address>0xfff8</run_address>
         <size>0x2</size>
         <input_file_ref idref="fl-2"/>
      </object_component>
      <object_component id="oc-9a">
         <name>.int29</name>
         <load_address>0xfffa</load_address>
         <run_address>0xfffa</run_address>
         <size>0x2</size>
         <input_file_ref idref="fl-2"/>
      </object_component>
      <object_component id="oc-9b">
         <name>.int30</name>
         <load_address>0xfffc</load_address>
         <run_address>0xfffc</run_address>
         <size>0x2</size>
         <input_file_ref idref="fl-2"/>
      </object_component>
      <object_component id="oc-e1">
         <name>.reset</name>
         <load_address>0xfffe</load_address>
         <run_address>0xfffe</run_address>
         <size>0x2</size>
         <input_file_ref idref="fl-36"/>
      </object_component>
      <object_component id="oc-186">
         <name>.common:AccelerateState</name>
         <uninitialized>true</uninitialized>
         <run_address>0x1298</run_address>
         <size>0x2</size>
      </object_component>
      <object_component id="oc-191">
         <name>.common:SteppingRateTMR</name>
         <uninitialized>true</uninitialized>
         <run_address>0x125c</run_address>
         <size>0x4</size>
      </object_component>
      <object_component id="oc-195">
         <name>.common:SteppingRate</name>
         <uninitialized>true</uninitialized>
         <run_address>0x1258</run_address>
         <size>0x4</size>
      </object_component>
      <object_component id="oc-197">
         <name>.common:SteppingRateUpdate</name>
         <uninitialized>true</uninitialized>
         <run_address>0x1260</run_address>
         <size>0x4</size>
      </object_component>
      <object_component id="oc-38f">
         <name>.common:DesiredStepperSpeed</name>
         <uninitialized>true</uninitialized>
         <run_address>0x1248</run_address>
         <size>0x4</size>
      </object_component>
      <object_component id="oc-196">
         <name>.common:DesiredTargetSpeed</name>
         <uninitialized>true</uninitialized>
         <run_address>0x124c</run_address>
         <size>0x4</size>
      </object_component>
      <object_component id="oc-2cc">
         <name>.common:StartingSpeed</name>
         <uninitialized>true</uninitialized>
         <run_address>0x1254</run_address>
         <size>0x4</size>
      </object_component>
      <object_component id="oc-198">
         <name>.common:StoppingSpeed</name>
         <uninitialized>true</uninitialized>
         <run_address>0x1278</run_address>
         <size>0x4</size>
      </object_component>
      <object_component id="oc-2dd">
         <name>.common:AccelRate</name>
         <uninitialized>true</uninitialized>
         <run_address>0x1244</run_address>
         <size>0x4</size>
      </object_component>
      <object_component id="oc-2d6">
         <name>.common:StepsToStop</name>
         <uninitialized>true</uninitialized>
         <run_address>0x1274</run_address>
         <size>0x4</size>
      </object_component>
      <object_component id="oc-187">
         <name>.common:StepsToMove</name>
         <uninitialized>true</uninitialized>
         <run_address>0x1270</run_address>
         <size>0x4</size>
      </object_component>
      <object_component id="oc-184">
         <name>.common:tmpStepsToMove</name>
         <uninitialized>true</uninitialized>
         <run_address>0x128c</run_address>
         <size>0x4</size>
      </object_component>
      <object_component id="oc-199">
         <name>.common:PriorSteppingRate</name>
         <uninitialized>true</uninitialized>
         <run_address>0x1250</run_address>
         <size>0x4</size>
      </object_component>
      <object_component id="oc-25d">
         <name>.common:PriorDecayMode</name>
         <uninitialized>true</uninitialized>
         <run_address>0x12a4</run_address>
         <size>0x2</size>
      </object_component>
      <object_component id="oc-24c">
         <name>.common:Block_GUI_FAULT_button</name>
         <uninitialized>true</uninitialized>
         <run_address>0x129a</run_address>
         <size>0x2</size>
      </object_component>
      <object_component id="oc-258">
         <name>.common:set_ENABLE_as_opendrain</name>
         <uninitialized>true</uninitialized>
         <run_address>0x12b0</run_address>
         <size>0x2</size>
      </object_component>
      <object_component id="oc-18c">
         <name>.common:temp_delay</name>
         <uninitialized>true</uninitialized>
         <run_address>0x12b2</run_address>
         <size>0x2</size>
      </object_component>
      <object_component id="oc-188">
         <name>.common:temp_reciprocation</name>
         <uninitialized>true</uninitialized>
         <run_address>0x12b4</run_address>
         <size>0x2</size>
      </object_component>
      <object_component id="oc-24d">
         <name>.common:ForceUpdate</name>
         <uninitialized>true</uninitialized>
         <run_address>0x129c</run_address>
         <size>0x2</size>
      </object_component>
      <object_component id="oc-24e">
         <name>.common:LastCommandWasRunSteps</name>
         <uninitialized>true</uninitialized>
         <run_address>0x12a0</run_address>
         <size>0x2</size>
      </object_component>
      <object_component id="oc-17b">
         <name>.common:MoveSteps</name>
         <uninitialized>true</uninitialized>
         <run_address>0x12a2</run_address>
         <size>0x2</size>
      </object_component>
      <object_component id="oc-24f">
         <name>.common:UpdateChoppingCurrent</name>
         <uninitialized>true</uninitialized>
         <run_address>0x12a6</run_address>
         <size>0x2</size>
      </object_component>
      <object_component id="oc-19a">
         <name>.common:UpdateSteppingRateTMR</name>
         <uninitialized>true</uninitialized>
         <run_address>0x12a8</run_address>
         <size>0x2</size>
      </object_component>
      <object_component id="oc-25c">
         <name>.common:tmp_adec</name>
         <uninitialized>true</uninitialized>
         <run_address>0x12b6</run_address>
         <size>0x2</size>
      </object_component>
      <object_component id="oc-29c">
         <name>.common:torque_multiplier</name>
         <uninitialized>true</uninitialized>
         <run_address>0x1290</run_address>
         <size>0x4</size>
      </object_component>
      <object_component id="oc-2af">
         <name>.common:vref_multiplier</name>
         <uninitialized>true</uninitialized>
         <run_address>0x1294</run_address>
         <size>0x4</size>
      </object_component>
      <object_component id="oc-2b0">
         <name>.common:step_multiplier</name>
         <uninitialized>true</uninitialized>
         <run_address>0x1280</run_address>
         <size>0x4</size>
      </object_component>
      <object_component id="oc-2be">
         <name>.common:irsense_multiplier</name>
         <uninitialized>true</uninitialized>
         <run_address>0x127c</run_address>
         <size>0x4</size>
      </object_component>
      <object_component id="oc-37c">
         <name>.common:time</name>
         <uninitialized>true</uninitialized>
         <run_address>0x1284</run_address>
         <size>0x4</size>
      </object_component>
      <object_component id="oc-37d">
         <name>.common:time_squared</name>
         <uninitialized>true</uninitialized>
         <run_address>0x1288</run_address>
         <size>0x4</size>
      </object_component>
      <object_component id="oc-190">
         <name>.common:last_reciprocation_state</name>
         <uninitialized>true</uninitialized>
         <run_address>0x12ae</run_address>
         <size>0x2</size>
      </object_component>
      <object_component id="oc-251">
         <name>.common:LED_TOGGLE_CNT</name>
         <uninitialized>true</uninitialized>
         <run_address>0x129e</run_address>
         <size>0x2</size>
      </object_component>
      <object_component id="oc-388">
         <name>.common:Steps2Target</name>
         <uninitialized>true</uninitialized>
         <run_address>0x126c</run_address>
         <size>0x4</size>
      </object_component>
      <object_component id="oc-389">
         <name>.common:Steps2Stop</name>
         <uninitialized>true</uninitialized>
         <run_address>0x1268</run_address>
         <size>0x4</size>
      </object_component>
      <object_component id="oc-185">
         <name>.common:Steps2Decel</name>
         <uninitialized>true</uninitialized>
         <run_address>0x1264</run_address>
         <size>0x4</size>
      </object_component>
      <object_component id="oc-193">
         <name>.common:delay_cycles</name>
         <uninitialized>true</uninitialized>
         <run_address>0x12aa</run_address>
         <size>0x2</size>
      </object_component>
      <object_component id="oc-2eb">
         <name>.common:gInCmdBuffer</name>
         <uninitialized>true</uninitialized>
         <run_address>0x1200</run_address>
         <size>0x44</size>
      </object_component>
      <object_component id="oc-1d9">
         <name>.common:gInCmdSkipCount</name>
         <uninitialized>true</uninitialized>
         <run_address>0x12ac</run_address>
         <size>0x2</size>
      </object_component>
      <object_component id="oc-1dc">
         <name>.data</name>
         <load_address>0x12c6</load_address>
         <run_address>0x12c6</run_address>
         <size>0x2</size>
         <input_file_ref idref="fl-4"/>
      </object_component>
      <object_component id="oc-261">
         <name>.data</name>
         <load_address>0x12b8</load_address>
         <run_address>0x12b8</run_address>
         <size>0xe</size>
         <input_file_ref idref="fl-7"/>
      </object_component>
      <object_component id="oc-17c">
         <name>.debug_info</name>
         <load_address>0x0</load_address>
         <run_address>0x0</run_address>
         <size>0x90e</size>
         <input_file_ref idref="fl-2"/>
      </object_component>
      <object_component id="oc-102">
         <name>.debug_info</name>
         <load_address>0x90e</load_address>
         <run_address>0x90e</run_address>
         <size>0xf6</size>
         <input_file_ref idref="fl-2"/>
      </object_component>
      <object_component id="oc-11a">
         <name>.debug_info</name>
         <load_address>0xa04</load_address>
         <run_address>0xa04</run_address>
         <size>0xf4</size>
         <input_file_ref idref="fl-2"/>
      </object_component>
      <object_component id="oc-10e">
         <name>.debug_info</name>
         <load_address>0xaf8</load_address>
         <run_address>0xaf8</run_address>
         <size>0xf4</size>
         <input_file_ref idref="fl-2"/>
      </object_component>
      <object_component id="oc-114">
         <name>.debug_info</name>
         <load_address>0xbec</load_address>
         <run_address>0xbec</run_address>
         <size>0x102</size>
         <input_file_ref idref="fl-2"/>
      </object_component>
      <object_component id="oc-20b">
         <name>.debug_info</name>
         <load_address>0xcee</load_address>
         <run_address>0xcee</run_address>
         <size>0x71</size>
         <input_file_ref idref="fl-2"/>
      </object_component>
      <object_component id="oc-15c">
         <name>.debug_info</name>
         <load_address>0xd5f</load_address>
         <run_address>0xd5f</run_address>
         <size>0x84</size>
         <input_file_ref idref="fl-2"/>
      </object_component>
      <object_component id="oc-17e">
         <name>.debug_info</name>
         <load_address>0xde3</load_address>
         <run_address>0xde3</run_address>
         <size>0x7c4</size>
         <input_file_ref idref="fl-3"/>
      </object_component>
      <object_component id="oc-311">
         <name>.debug_info</name>
         <load_address>0x15a7</load_address>
         <run_address>0x15a7</run_address>
         <size>0xe5</size>
         <input_file_ref idref="fl-3"/>
      </object_component>
      <object_component id="oc-2c6">
         <name>.debug_info</name>
         <load_address>0x168c</load_address>
         <run_address>0x168c</run_address>
         <size>0xcb</size>
         <input_file_ref idref="fl-3"/>
      </object_component>
      <object_component id="oc-2b2">
         <name>.debug_info</name>
         <load_address>0x1757</load_address>
         <run_address>0x1757</run_address>
         <size>0xd3</size>
         <input_file_ref idref="fl-3"/>
      </object_component>
      <object_component id="oc-290">
         <name>.debug_info</name>
         <load_address>0x182a</load_address>
         <run_address>0x182a</run_address>
         <size>0xd5</size>
         <input_file_ref idref="fl-3"/>
      </object_component>
      <object_component id="oc-2db">
         <name>.debug_info</name>
         <load_address>0x18ff</load_address>
         <run_address>0x18ff</run_address>
         <size>0xd9</size>
         <input_file_ref idref="fl-3"/>
      </object_component>
      <object_component id="oc-25f">
         <name>.debug_info</name>
         <load_address>0x19d8</load_address>
         <run_address>0x19d8</run_address>
         <size>0xd9</size>
         <input_file_ref idref="fl-3"/>
      </object_component>
      <object_component id="oc-2d1">
         <name>.debug_info</name>
         <load_address>0x1ab1</load_address>
         <run_address>0x1ab1</run_address>
         <size>0xd7</size>
         <input_file_ref idref="fl-3"/>
      </object_component>
      <object_component id="oc-26b">
         <name>.debug_info</name>
         <load_address>0x1b88</load_address>
         <run_address>0x1b88</run_address>
         <size>0xdd</size>
         <input_file_ref idref="fl-3"/>
      </object_component>
      <object_component id="oc-2ca">
         <name>.debug_info</name>
         <load_address>0x1c65</load_address>
         <run_address>0x1c65</run_address>
         <size>0xe1</size>
         <input_file_ref idref="fl-3"/>
      </object_component>
      <object_component id="oc-2d4">
         <name>.debug_info</name>
         <load_address>0x1d46</load_address>
         <run_address>0x1d46</run_address>
         <size>0xdd</size>
         <input_file_ref idref="fl-3"/>
      </object_component>
      <object_component id="oc-265">
         <name>.debug_info</name>
         <load_address>0x1e23</load_address>
         <run_address>0x1e23</run_address>
         <size>0xd7</size>
         <input_file_ref idref="fl-3"/>
      </object_component>
      <object_component id="oc-2ce">
         <name>.debug_info</name>
         <load_address>0x1efa</load_address>
         <run_address>0x1efa</run_address>
         <size>0xe1</size>
         <input_file_ref idref="fl-3"/>
      </object_component>
      <object_component id="oc-2d8">
         <name>.debug_info</name>
         <load_address>0x1fdb</load_address>
         <run_address>0x1fdb</run_address>
         <size>0xdd</size>
         <input_file_ref idref="fl-3"/>
      </object_component>
      <object_component id="oc-268">
         <name>.debug_info</name>
         <load_address>0x20b8</load_address>
         <run_address>0x20b8</run_address>
         <size>0xd1</size>
         <input_file_ref idref="fl-3"/>
      </object_component>
      <object_component id="oc-18e">
         <name>.debug_info</name>
         <load_address>0x2189</load_address>
         <run_address>0x2189</run_address>
         <size>0xcb</size>
         <input_file_ref idref="fl-3"/>
      </object_component>
      <object_component id="oc-256">
         <name>.debug_info</name>
         <load_address>0x2254</load_address>
         <run_address>0x2254</run_address>
         <size>0xd1</size>
         <input_file_ref idref="fl-3"/>
      </object_component>
      <object_component id="oc-281">
         <name>.debug_info</name>
         <load_address>0x2325</load_address>
         <run_address>0x2325</run_address>
         <size>0xe9</size>
         <input_file_ref idref="fl-3"/>
      </object_component>
      <object_component id="oc-27b">
         <name>.debug_info</name>
         <load_address>0x240e</load_address>
         <run_address>0x240e</run_address>
         <size>0xe3</size>
         <input_file_ref idref="fl-3"/>
      </object_component>
      <object_component id="oc-278">
         <name>.debug_info</name>
         <load_address>0x24f1</load_address>
         <run_address>0x24f1</run_address>
         <size>0xe3</size>
         <input_file_ref idref="fl-3"/>
      </object_component>
      <object_component id="oc-26f">
         <name>.debug_info</name>
         <load_address>0x25d4</load_address>
         <run_address>0x25d4</run_address>
         <size>0xcf</size>
         <input_file_ref idref="fl-3"/>
      </object_component>
      <object_component id="oc-272">
         <name>.debug_info</name>
         <load_address>0x26a3</load_address>
         <run_address>0x26a3</run_address>
         <size>0xe1</size>
         <input_file_ref idref="fl-3"/>
      </object_component>
      <object_component id="oc-284">
         <name>.debug_info</name>
         <load_address>0x2784</load_address>
         <run_address>0x2784</run_address>
         <size>0xe7</size>
         <input_file_ref idref="fl-3"/>
      </object_component>
      <object_component id="oc-287">
         <name>.debug_info</name>
         <load_address>0x286b</load_address>
         <run_address>0x286b</run_address>
         <size>0xe7</size>
         <input_file_ref idref="fl-3"/>
      </object_component>
      <object_component id="oc-25a">
         <name>.debug_info</name>
         <load_address>0x2952</load_address>
         <run_address>0x2952</run_address>
         <size>0xcd</size>
         <input_file_ref idref="fl-3"/>
      </object_component>
      <object_component id="oc-275">
         <name>.debug_info</name>
         <load_address>0x2a1f</load_address>
         <run_address>0x2a1f</run_address>
         <size>0xd7</size>
         <input_file_ref idref="fl-3"/>
      </object_component>
      <object_component id="oc-253">
         <name>.debug_info</name>
         <load_address>0x2af6</load_address>
         <run_address>0x2af6</run_address>
         <size>0xcd</size>
         <input_file_ref idref="fl-3"/>
      </object_component>
      <object_component id="oc-28a">
         <name>.debug_info</name>
         <load_address>0x2bc3</load_address>
         <run_address>0x2bc3</run_address>
         <size>0xe7</size>
         <input_file_ref idref="fl-3"/>
      </object_component>
      <object_component id="oc-18a">
         <name>.debug_info</name>
         <load_address>0x2caa</load_address>
         <run_address>0x2caa</run_address>
         <size>0xdf</size>
         <input_file_ref idref="fl-3"/>
      </object_component>
      <object_component id="oc-27e">
         <name>.debug_info</name>
         <load_address>0x2d89</load_address>
         <run_address>0x2d89</run_address>
         <size>0xf7</size>
         <input_file_ref idref="fl-3"/>
      </object_component>
      <object_component id="oc-28d">
         <name>.debug_info</name>
         <load_address>0x2e80</load_address>
         <run_address>0x2e80</run_address>
         <size>0xcd</size>
         <input_file_ref idref="fl-3"/>
      </object_component>
      <object_component id="oc-1da">
         <name>.debug_info</name>
         <load_address>0x2f4d</load_address>
         <run_address>0x2f4d</run_address>
         <size>0x1eb</size>
         <input_file_ref idref="fl-4"/>
      </object_component>
      <object_component id="oc-1dd">
         <name>.debug_info</name>
         <load_address>0x3138</load_address>
         <run_address>0x3138</run_address>
         <size>0xea</size>
         <input_file_ref idref="fl-4"/>
      </object_component>
      <object_component id="oc-3d1">
         <name>.debug_info</name>
         <load_address>0x3222</load_address>
         <run_address>0x3222</run_address>
         <size>0x13c</size>
         <input_file_ref idref="fl-4"/>
      </object_component>
      <object_component id="oc-1f2">
         <name>.debug_info</name>
         <load_address>0x335e</load_address>
         <run_address>0x335e</run_address>
         <size>0x161</size>
         <input_file_ref idref="fl-4"/>
      </object_component>
      <object_component id="oc-2ed">
         <name>.debug_info</name>
         <load_address>0x34bf</load_address>
         <run_address>0x34bf</run_address>
         <size>0x194</size>
         <input_file_ref idref="fl-4"/>
      </object_component>
      <object_component id="oc-1d4">
         <name>.debug_info</name>
         <load_address>0x3653</load_address>
         <run_address>0x3653</run_address>
         <size>0x16f</size>
         <input_file_ref idref="fl-4"/>
      </object_component>
      <object_component id="oc-1ec">
         <name>.debug_info</name>
         <load_address>0x37c2</load_address>
         <run_address>0x37c2</run_address>
         <size>0x13e</size>
         <input_file_ref idref="fl-4"/>
      </object_component>
      <object_component id="oc-1e0">
         <name>.debug_info</name>
         <load_address>0x3900</load_address>
         <run_address>0x3900</run_address>
         <size>0x140</size>
         <input_file_ref idref="fl-4"/>
      </object_component>
      <object_component id="oc-2fd">
         <name>.debug_info</name>
         <load_address>0x3a40</load_address>
         <run_address>0x3a40</run_address>
         <size>0x134</size>
         <input_file_ref idref="fl-4"/>
      </object_component>
      <object_component id="oc-1e6">
         <name>.debug_info</name>
         <load_address>0x3b74</load_address>
         <run_address>0x3b74</run_address>
         <size>0x128</size>
         <input_file_ref idref="fl-4"/>
      </object_component>
      <object_component id="oc-39a">
         <name>.debug_info</name>
         <load_address>0x3c9c</load_address>
         <run_address>0x3c9c</run_address>
         <size>0x1a5</size>
         <input_file_ref idref="fl-4"/>
      </object_component>
      <object_component id="oc-3ac">
         <name>.debug_info</name>
         <load_address>0x3e41</load_address>
         <run_address>0x3e41</run_address>
         <size>0x206</size>
         <input_file_ref idref="fl-4"/>
      </object_component>
      <object_component id="oc-3a6">
         <name>.debug_info</name>
         <load_address>0x4047</load_address>
         <run_address>0x4047</run_address>
         <size>0x1c8</size>
         <input_file_ref idref="fl-4"/>
      </object_component>
      <object_component id="oc-203">
         <name>.debug_info</name>
         <load_address>0x420f</load_address>
         <run_address>0x420f</run_address>
         <size>0x140</size>
         <input_file_ref idref="fl-4"/>
      </object_component>
      <object_component id="oc-303">
         <name>.debug_info</name>
         <load_address>0x434f</load_address>
         <run_address>0x434f</run_address>
         <size>0x218</size>
         <input_file_ref idref="fl-4"/>
      </object_component>
      <object_component id="oc-1fd">
         <name>.debug_info</name>
         <load_address>0x4567</load_address>
         <run_address>0x4567</run_address>
         <size>0x188</size>
         <input_file_ref idref="fl-4"/>
      </object_component>
      <object_component id="oc-175">
         <name>.debug_info</name>
         <load_address>0x46ef</load_address>
         <run_address>0x46ef</run_address>
         <size>0x22c</size>
         <input_file_ref idref="fl-4"/>
      </object_component>
      <object_component id="oc-180">
         <name>.debug_info</name>
         <load_address>0x491b</load_address>
         <run_address>0x491b</run_address>
         <size>0x90b</size>
         <input_file_ref idref="fl-5"/>
      </object_component>
      <object_component id="oc-147">
         <name>.debug_info</name>
         <load_address>0x5226</load_address>
         <run_address>0x5226</run_address>
         <size>0x144</size>
         <input_file_ref idref="fl-5"/>
      </object_component>
      <object_component id="oc-23b">
         <name>.debug_info</name>
         <load_address>0x536a</load_address>
         <run_address>0x536a</run_address>
         <size>0xf8</size>
         <input_file_ref idref="fl-6"/>
      </object_component>
      <object_component id="oc-3a0">
         <name>.debug_info</name>
         <load_address>0x5462</load_address>
         <run_address>0x5462</run_address>
         <size>0x11e</size>
         <input_file_ref idref="fl-6"/>
      </object_component>
      <object_component id="oc-108">
         <name>.debug_info</name>
         <load_address>0x5580</load_address>
         <run_address>0x5580</run_address>
         <size>0x11c</size>
         <input_file_ref idref="fl-6"/>
      </object_component>
      <object_component id="oc-182">
         <name>.debug_info</name>
         <load_address>0x569c</load_address>
         <run_address>0x569c</run_address>
         <size>0x110f</size>
         <input_file_ref idref="fl-7"/>
      </object_component>
      <object_component id="oc-262">
         <name>.debug_info</name>
         <load_address>0x67ab</load_address>
         <run_address>0x67ab</run_address>
         <size>0x1c2</size>
         <input_file_ref idref="fl-7"/>
      </object_component>
      <object_component id="oc-1b8">
         <name>.debug_info</name>
         <load_address>0x696d</load_address>
         <run_address>0x696d</run_address>
         <size>0x196</size>
         <input_file_ref idref="fl-7"/>
      </object_component>
      <object_component id="oc-1be">
         <name>.debug_info</name>
         <load_address>0x6b03</load_address>
         <run_address>0x6b03</run_address>
         <size>0x11a</size>
         <input_file_ref idref="fl-7"/>
      </object_component>
      <object_component id="oc-1c4">
         <name>.debug_info</name>
         <load_address>0x6c1d</load_address>
         <run_address>0x6c1d</run_address>
         <size>0x25e</size>
         <input_file_ref idref="fl-7"/>
      </object_component>
      <object_component id="oc-241">
         <name>.debug_info</name>
         <load_address>0x6e7b</load_address>
         <run_address>0x6e7b</run_address>
         <size>0x116</size>
         <input_file_ref idref="fl-7"/>
      </object_component>
      <object_component id="oc-247">
         <name>.debug_info</name>
         <load_address>0x6f91</load_address>
         <run_address>0x6f91</run_address>
         <size>0x118</size>
         <input_file_ref idref="fl-7"/>
      </object_component>
      <object_component id="oc-1ca">
         <name>.debug_info</name>
         <load_address>0x70a9</load_address>
         <run_address>0x70a9</run_address>
         <size>0x13f</size>
         <input_file_ref idref="fl-7"/>
      </object_component>
      <object_component id="oc-2df">
         <name>.debug_info</name>
         <load_address>0x71e8</load_address>
         <run_address>0x71e8</run_address>
         <size>0x319</size>
         <input_file_ref idref="fl-7"/>
      </object_component>
      <object_component id="oc-2e5">
         <name>.debug_info</name>
         <load_address>0x7501</load_address>
         <run_address>0x7501</run_address>
         <size>0x12b</size>
         <input_file_ref idref="fl-7"/>
      </object_component>
      <object_component id="oc-df">
         <name>.debug_info</name>
         <load_address>0x762c</load_address>
         <run_address>0x762c</run_address>
[...]
      </symbol>
      <symbol id="sm-315">
         <name>GetInputCmdType</name>
         <value>0x4f16</value>
         <object_component_ref idref="oc-2fc"/>
      </symbol>
      <symbol id="sm-316">
         <name>gInCmdBufferIdx</name>
         <value>0x12c6</value>
         <object_component_ref idref="oc-1dc"/>
      </symbol>
      <symbol id="sm-317">
         <name>GetTargetEndianness</name>
         <value>0x4f40</value>
         <object_component_ref idref="oc-3d0"/>
      </symbol>
      <symbol id="sm-318">
         <name>ProcessCommand</name>
         <value>0x4d94</value>
         <object_component_ref idref="oc-1fc"/>
      </symbol>
      <symbol id="sm-319">
         <name>MemAccessCmd</name>
         <value>0x4acc</value>
         <object_component_ref idref="oc-302"/>
      </symbol>
      <symbol id="sm-31a">
         <name>receivedDataCommand</name>
         <value>0x49aa</value>
         <object_component_ref idref="oc-174"/>
      </symbol>
      <symbol id="sm-31b">
         <name>GetWriteCmdDataMAU</name>
         <value>0x4cfa</value>
         <object_component_ref idref="oc-3a5"/>
      </symbol>
      <symbol id="sm-31c">
         <name>VerifyInputCmdHeaders</name>
         <value>0x4eaa</value>
         <object_component_ref idref="oc-1df"/>
      </symbol>
      <symbol id="sm-31d">
         <name>WriteByteToInCmdBuffer</name>
         <value>0x4ee4</value>
         <object_component_ref idref="oc-1d3"/>
      </symbol>
      <symbol id="sm-31e">
         <name>ClearBufferRelatedParam</name>
         <value>0x4f0c</value>
         <object_component_ref idref="oc-202"/>
      </symbol>
      <symbol id="sm-31f">
         <name>GetInCmdAddress</name>
         <value>0x4bfe</value>
         <object_component_ref idref="oc-399"/>
      </symbol>
      <symbol id="sm-320">
         <name>WriteToCmdBuffer</name>
         <value>0x4e28</value>
         <object_component_ref idref="oc-2ec"/>
      </symbol>
      <symbol id="sm-32e">
         <name>main</name>
         <value>0x4e66</value>
         <object_component_ref idref="oc-146"/>
      </symbol>
      <symbol id="sm-348">
         <name>USCI0RX_ISR</name>
         <value>0x3302</value>
         <object_component_ref idref="oc-107"/>
      </symbol>
      <symbol id="sm-349">
         <name>__TI_int23</name>
         <value>0xffee</value>
         <object_component_ref idref="oc-94"/>
      </symbol>
      <symbol id="sm-34a">
         <name>uartInit</name>
         <value>0x4dba</value>
         <object_component_ref idref="oc-23a"/>
      </symbol>
      <symbol id="sm-34b">
         <name>uartTxByte</name>
         <value>0x4f00</value>
         <object_component_ref idref="oc-39f"/>
      </symbol>
      <symbol id="sm-3e5">
         <name>temp_pwm_off_time</name>
         <value>0x12c0</value>
         <object_component_ref idref="oc-261"/>
      </symbol>
      <symbol id="sm-3e6">
         <name>DetermineMotorMovement</name>
         <value>0x335e</value>
         <object_component_ref idref="oc-2de"/>
      </symbol>
      <symbol id="sm-3e7">
         <name>MotorStateMachine</name>
         <value>0x4774</value>
         <object_component_ref idref="oc-2e4"/>
      </symbol>
      <symbol id="sm-3e8">
         <name>temp_step_mode</name>
         <value>0x12bc</value>
         <object_component_ref idref="oc-261"/>
      </symbol>
      <symbol id="sm-3e9">
         <name>temp_vref_val</name>
         <value>0x12ba</value>
         <object_component_ref idref="oc-261"/>
      </symbol>
      <symbol id="sm-3ea">
         <name>SetDefaultGUIVals</name>
         <value>0x45ca</value>
         <object_component_ref idref="oc-240"/>
      </symbol>
      <symbol id="sm-3eb">
         <name>Initialize</name>
         <value>0x4434</value>
         <object_component_ref idref="oc-1b7"/>
      </symbol>
      <symbol id="sm-3ec">
         <name>temp_torque_val</name>
         <value>0x12b8</value>
         <object_component_ref idref="oc-261"/>
      </symbol>
      <symbol id="sm-3ed">
         <name>temp_irsense</name>
         <value>0x12c2</value>
         <object_component_ref idref="oc-261"/>
      </symbol>
      <symbol id="sm-3ee">
         <name>UpdateSpeed</name>
         <value>0x47ea</value>
         <object_component_ref idref="oc-1c9"/>
      </symbol>
      <symbol id="sm-3ef">
         <name>temp_decay_mode</name>
         <value>0x12be</value>
         <object_component_ref idref="oc-261"/>
      </symbol>
      <symbol id="sm-3f0">
         <name>UpdateDeviceControls</name>
         <value>0x3844</value>
         <object_component_ref idref="oc-1bd"/>
      </symbol>
      <symbol id="sm-3f1">
         <name>SetDefaultGPIOVals</name>
         <value>0x4e7e</value>
         <object_component_ref idref="oc-246"/>
      </symbol>
      <symbol id="sm-3f2">
         <name>UpdateGUIControls</name>
         <value>0x40ce</value>
         <object_component_ref idref="oc-1c3"/>
      </symbol>
      <symbol id="sm-3fb">
         <name>_stack</name>
         <value>0x30b0</value>
         <object_component_ref idref="oc-de"/>
      </symbol>
      <symbol id="sm-3fc">
         <name>_reset_vector</name>
         <value>0xfffe</value>
         <object_component_ref idref="oc-e1"/>
      </symbol>
      <symbol id="sm-407">
         <name>_c_int00_noargs_noexit</name>
         <value>0x3336</value>
         <object_component_ref idref="oc-ba"/>
      </symbol>
      <symbol id="sm-41d">
         <name>__TI_decompress_none</name>
         <value>0x4ed2</value>
         <object_component_ref idref="oc-71"/>
      </symbol>
      <symbol id="sm-43f">
         <name>__TI_decompress_rle24</name>
         <value>0x4f3a</value>
         <object_component_ref idref="oc-77"/>
      </symbol>
      <symbol id="sm-452">
         <name>__TI_zero_init</name>
         <value>0x4de0</value>
         <object_component_ref idref="oc-9c"/>
      </symbol>
      <symbol id="sm-46a">
         <name>__mspabi_cvtdf</name>
         <value>0x46e8</value>
         <object_component_ref idref="oc-2a9"/>
      </symbol>
      <symbol id="sm-478">
         <name>__mspabi_cvtfd</name>
         <value>0x4a10</value>
         <object_component_ref idref="oc-2bf"/>
      </symbol>
      <symbol id="sm-487">
         <name>__mspabi_remul</name>
         <value>0x4a74</value>
         <object_component_ref idref="oc-390"/>
      </symbol>
      <symbol id="sm-488">
         <name>__mspabi_divul</name>
         <value>0x4a74</value>
         <object_component_ref idref="oc-390"/>
      </symbol>
      <symbol id="sm-493">
         <name>C$$EXIT</name>
         <value>0x4f48</value>
         <object_component_ref idref="oc-14e"/>
      </symbol>
      <symbol id="sm-494">
         <name>abort</name>
         <value>0x4f48</value>
         <object_component_ref idref="oc-14e"/>
      </symbol>
      <symbol id="sm-49d">
         <name>__mspabi_fltud</name>
         <value>0x4f34</value>
         <object_component_ref idref="oc-29d"/>
      </symbol>
      <symbol id="sm-4b7">
         <name>__mspabi_fltuld</name>
         <value>0x4860</value>
         <object_component_ref idref="oc-33f"/>
      </symbol>
      <symbol id="sm-4dc">
         <name>__mspabi_subf</name>
         <value>0x4304</value>
         <object_component_ref idref="oc-37e"/>
      </symbol>
      <symbol id="sm-4dd">
         <name>__mspabi_addf</name>
         <value>0x430a</value>
         <object_component_ref idref="oc-37e"/>
      </symbol>
      <symbol id="sm-4f2">
         <name>__mspabi_cmpf</name>
         <value>0x4bb4</value>
         <object_component_ref idref="oc-2b4"/>
      </symbol>
      <symbol id="sm-512">
         <name>__mspabi_divf</name>
         <value>0x465a</value>
         <object_component_ref idref="oc-2b9"/>
      </symbol>
      <symbol id="sm-538">
         <name>__mspabi_mpyf</name>
         <value>0x4514</value>
         <object_component_ref idref="oc-297"/>
      </symbol>
      <symbol id="sm-54d">
         <name>__mspabi_fixful</name>
         <value>0x4b1e</value>
         <object_component_ref idref="oc-383"/>
      </symbol>
      <symbol id="sm-55e">
         <name>__mspabi_fltulf</name>
         <value>0x4d32</value>
         <object_component_ref idref="oc-377"/>
      </symbol>
      <symbol id="sm-56e">
         <name>__mspabi_fltuf</name>
         <value>0x4e04</value>
         <object_component_ref idref="oc-292"/>
      </symbol>
      <symbol id="sm-571">
         <name>__TI_int00</name>
         <value>0xffc0</value>
         <object_component_ref idref="oc-7d"/>
      </symbol>
      <symbol id="sm-574">
         <name>__TI_int01</name>
         <value>0xffc2</value>
         <object_component_ref idref="oc-7e"/>
      </symbol>
      <symbol id="sm-577">
         <name>__TI_int02</name>
         <value>0xffc4</value>
         <object_component_ref idref="oc-7f"/>
      </symbol>
      <symbol id="sm-57a">
         <name>__TI_int03</name>
         <value>0xffc6</value>
         <object_component_ref idref="oc-80"/>
      </symbol>
      <symbol id="sm-57d">
         <name>__TI_int04</name>
         <value>0xffc8</value>
         <object_component_ref idref="oc-81"/>
      </symbol>
      <symbol id="sm-580">
         <name>__TI_int05</name>
         <value>0xffca</value>
         <object_component_ref idref="oc-82"/>
      </symbol>
      <symbol id="sm-583">
         <name>__TI_int06</name>
         <value>0xffcc</value>
         <object_component_ref idref="oc-83"/>
      </symbol>
      <symbol id="sm-586">
         <name>__TI_int07</name>
         <value>0xffce</value>
         <object_component_ref idref="oc-84"/>
      </symbol>
      <symbol id="sm-589">
         <name>__TI_int08</name>
         <value>0xffd0</value>
         <object_component_ref idref="oc-85"/>
      </symbol>
      <symbol id="sm-58c">
         <name>__TI_int09</name>
         <value>0xffd2</value>
         <object_component_ref idref="oc-86"/>
      </symbol>
      <symbol id="sm-58f">
         <name>__TI_int10</name>
         <value>0xffd4</value>
         <object_component_ref idref="oc-87"/>
      </symbol>
      <symbol id="sm-592">
         <name>__TI_int11</name>
         <value>0xffd6</value>
         <object_component_ref idref="oc-88"/>
      </symbol>
      <symbol id="sm-595">
         <name>__TI_int12</name>
         <value>0xffd8</value>
         <object_component_ref idref="oc-89"/>
      </symbol>
      <symbol id="sm-598">
         <name>__TI_int13</name>
         <value>0xffda</value>
         <object_component_ref idref="oc-8a"/>
      </symbol>
      <symbol id="sm-59b">
         <name>__TI_int20</name>
         <value>0xffe8</value>
         <object_component_ref idref="oc-91"/>
      </symbol>
      <symbol id="sm-59e">
         <name>__TI_int22</name>
         <value>0xffec</value>
         <object_component_ref idref="oc-93"/>
      </symbol>
      <symbol id="sm-5a6">
         <name>__TI_ISR_TRAP</name>
         <value>0x3350</value>
         <object_component_ref idref="oc-fc"/>
      </symbol>
      <symbol id="sm-5af">
         <name>__mspabi_slli</name>
         <value>0x4f2a</value>
         <object_component_ref idref="oc-3c8"/>
      </symbol>
      <symbol id="sm-5b7">
         <name>__mspabi_slll_9</name>
         <value>0x4c96</value>
         <object_component_ref idref="oc-353"/>
      </symbol>
      <symbol id="sm-5b8">
         <name>__mspabi_slll_8</name>
         <value>0x4c9a</value>
         <object_component_ref idref="oc-353"/>
      </symbol>
      <symbol id="sm-5b9">
         <name>__mspabi_slll_7</name>
         <value>0x4c9e</value>
         <object_component_ref idref="oc-353"/>
      </symbol>
      <symbol id="sm-5ba">
         <name>__mspabi_slll_6</name>
         <value>0x4ca2</value>
         <object_component_ref idref="oc-353"/>
      </symbol>
      <symbol id="sm-5bb">
         <name>__mspabi_slll_5</name>
         <value>0x4ca6</value>
         <object_component_ref idref="oc-353"/>
      </symbol>
      <symbol id="sm-5bc">
         <name>__mspabi_slll_4</name>
         <value>0x4caa</value>
         <object_component_ref idref="oc-353"/>
      </symbol>
      <symbol id="sm-5bd">
         <name>__mspabi_slll_3</name>
         <value>0x4cae</value>
         <object_component_ref idref="oc-353"/>
      </symbol>
      <symbol id="sm-5be">
         <name>__mspabi_slll_2</name>
         <value>0x4cb2</value>
         <object_component_ref idref="oc-353"/>
      </symbol>
      <symbol id="sm-5bf">
         <name>__mspabi_slll_1</name>
         <value>0x4cb6</value>
         <object_component_ref idref="oc-353"/>
      </symbol>
      <symbol id="sm-5c0">
         <name>__mspabi_slll_15</name>
         <value>0x4c7e</value>
         <object_component_ref idref="oc-353"/>
      </symbol>
      <symbol id="sm-5c1">
         <name>__mspabi_slll_14</name>
         <value>0x4c82</value>
         <object_component_ref idref="oc-353"/>
      </symbol>
      <symbol id="sm-5c2">
         <name>__mspabi_slll_13</name>
         <value>0x4c86</value>
         <object_component_ref idref="oc-353"/>
      </symbol>
      <symbol id="sm-5c3">
         <name>__mspabi_slll_12</name>
         <value>0x4c8a</value>
         <object_component_ref idref="oc-353"/>
      </symbol>
      <symbol id="sm-5c4">
         <name>__mspabi_slll_11</name>
         <value>0x4c8e</value>
         <object_component_ref idref="oc-353"/>
      </symbol>
      <symbol id="sm-5c5">
         <name>__mspabi_slll_10</name>
         <value>0x4c92</value>
         <object_component_ref idref="oc-353"/>
      </symbol>
      <symbol id="sm-5cd">
         <name>__mspabi_srll_8</name>
         <value>0x4cd8</value>
         <object_component_ref idref="oc-38a"/>
      </symbol>
      <symbol id="sm-5ce">
         <name>__mspabi_srll_9</name>
         <value>0x4cd4</value>
         <object_component_ref idref="oc-38a"/>
      </symbol>
      <symbol id="sm-5cf">
         <name>__mspabi_srll_6</name>
         <value>0x4ce0</value>
         <object_component_ref idref="oc-38a"/>
      </symbol>
      <symbol id="sm-5d0">
         <name>__mspabi_srll_7</name>
         <value>0x4cdc</value>
         <object_component_ref idref="oc-38a"/>
      </symbol>
      <symbol id="sm-5d1">
         <name>__mspabi_srll_4</name>
         <value>0x4ce8</value>
         <object_component_ref idref="oc-38a"/>
      </symbol>
      <symbol id="sm-5d2">
         <name>__mspabi_srll_5</name>
         <value>0x4ce4</value>
         <object_component_ref idref="oc-38a"/>
      </symbol>
      <symbol id="sm-5d3">
         <name>__mspabi_srll_2</name>
         <value>0x4cf0</value>
         <object_component_ref idref="oc-38a"/>
      </symbol>
      <symbol id="sm-5d4">
         <name>__mspabi_srll_3</name>
         <value>0x4cec</value>
         <object_component_ref idref="oc-38a"/>
      </symbol>
      <symbol id="sm-5d5">
         <name>__mspabi_srll_1</name>
         <value>0x4cf4</value>
         <object_component_ref idref="oc-38a"/>
      </symbol>
      <symbol id="sm-5d6">
         <name>__mspabi_srll_15</name>
         <value>0x4cbc</value>
         <object_component_ref idref="oc-38a"/>
      </symbol>
      <symbol id="sm-5d7">
         <name>__mspabi_srll_14</name>
         <value>0x4cc0</value>
         <object_component_ref idref="oc-38a"/>
      </symbol>
      <symbol id="sm-5d8">
         <name>__mspabi_srll_13</name>
         <value>0x4cc4</value>
         <object_component_ref idref="oc-38a"/>
      </symbol>
      <symbol id="sm-5d9">
         <name>__mspabi_srll_12</name>
         <value>0x4cc8</value>
         <object_component_ref idref="oc-38a"/>
      </symbol>
      <symbol id="sm-5da">
         <name>__mspabi_srll_11</name>
         <value>0x4ccc</value>
         <object_component_ref idref="oc-38a"/>
      </symbol>
      <symbol id="sm-5db">
         <name>__mspabi_srll_10</name>
         <value>0x4cd0</value>
         <object_component_ref idref="oc-38a"/>
      </symbol>
      <symbol id="sm-5ee">
         <name>memcpy</name>
         <value>0x4ebe</value>
         <object_component_ref idref="oc-e2"/>
      </symbol>
      <symbol id="sm-60f">
         <name>__mspabi_mpyd</name>
         <value>0x3e4c</value>
         <object_component_ref idref="oc-2a3"/>
      </symbol>
      <symbol id="sm-625">
         <name>__mspabi_mpyi_hw</name>
         <value>0x4e94</value>
         <object_component_ref idref="oc-1f7"/>
      </symbol>
      <symbol id="sm-63f">
         <name>__mspabi_mpyl_hw</name>
         <value>0x4d64</value>
         <object_component_ref idref="oc-3b6"/>
      </symbol>
      <symbol id="sm-64f">
         <name>_system_pre_init</name>
         <value>0x4f44</value>
         <object_component_ref idref="oc-126"/>
      </symbol>
      <symbol id="sm-65a">
         <name>__mspabi_sral_15</name>
         <value>0x4c40</value>
         <object_component_ref idref="oc-35e"/>
      </symbol>
      <symbol id="sm-65b">
         <name>__mspabi_sral_14</name>
         <value>0x4c44</value>
         <object_component_ref idref="oc-35e"/>
      </symbol>
      <symbol id="sm-65c">
         <name>__mspabi_sral_13</name>
         <value>0x4c48</value>
         <object_component_ref idref="oc-35e"/>
      </symbol>
      <symbol id="sm-65d">
         <name>__mspabi_sral_12</name>
         <value>0x4c4c</value>
         <object_component_ref idref="oc-35e"/>
      </symbol>
      <symbol id="sm-65e">
         <name>__mspabi_sral_11</name>
         <value>0x4c50</value>
         <object_component_ref idref="oc-35e"/>
      </symbol>
      <symbol id="sm-65f">
         <name>__mspabi_sral_10</name>
         <value>0x4c54</value>
         <object_component_ref idref="oc-35e"/>
      </symbol>
      <symbol id="sm-660">
         <name>__mspabi_sral_8</name>
         <value>0x4c5c</value>
         <object_component_ref idref="oc-35e"/>
      </symbol>
      <symbol id="sm-661">
         <name>__mspabi_sral_9</name>
         <value>0x4c58</value>
         <object_component_ref idref="oc-35e"/>
      </symbol>
      <symbol id="sm-662">
         <name>__mspabi_sral_6</name>
         <value>0x4c64</value>
         <object_component_ref idref="oc-35e"/>
      </symbol>
      <symbol id="sm-663">
         <name>__mspabi_sral_7</name>
         <value>0x4c60</value>
         <object_component_ref idref="oc-35e"/>
      </symbol>
      <symbol id="sm-664">
         <name>__mspabi_sral_4</name>
         <value>0x4c6c</value>
         <object_component_ref idref="oc-35e"/>
      </symbol>
      <symbol id="sm-665">
         <name>__mspabi_sral_5</name>
         <value>0x4c68</value>
         <object_component_ref idref="oc-35e"/>
      </symbol>
      <symbol id="sm-666">
         <name>__mspabi_sral_2</name>
         <value>0x4c74</value>
         <object_component_ref idref="oc-35e"/>
      </symbol>
      <symbol id="sm-667">
         <name>__mspabi_sral_3</name>
         <value>0x4c70</value>
         <object_component_ref idref="oc-35e"/>
      </symbol>
      <symbol id="sm-668">
         <name>__mspabi_sral_1</name>
         <value>0x4c78</value>
         <object_component_ref idref="oc-35e"/>
      </symbol>
      <symbol id="sm-684">
         <name>_auto_init_hold_wdt</name>
         <value>0x48d6</value>
         <object_component_ref idref="oc-12c"/>
      </symbol>
      <symbol id="sm-695">
         <name>__TI_frcmpyd</name>
         <value>0x3b68</value>
         <object_component_ref idref="oc-346"/>
      </symbol>
      <symbol id="sm-698">
         <name>__TI_INITARRAY_Base</name>
         <value>0x0</value>
      </symbol>
      <symbol id="sm-699">
         <name>__TI_INITARRAY_Limit</name>
         <value>0x0</value>
      </symbol>
      <symbol id="sm-69a">
         <name>Write8bitByteToCOM</name>
         <value>0x4f00</value>
      </symbol>
   </symbol_table>
   <title>Link successful</title>
</link_info>
