******************************************************************************
                  MSP430 Linker PC v4.3.1                      
******************************************************************************
>> Linked Tue Jan 27 10:41:02 2015

OUTPUT FILE NAME:   <DRV8701EVM_FIRMWARE_v1.0.out>
ENTRY POINT SYMBOL: "_c_int00"  address: 0000c544


MEMORY CONFIGURATION

         name            origin    length      used     unused   attr    fill
----------------------  --------  ---------  --------  --------  ----  --------
  SFR                   00000000   00000010  00000000  00000010  RWIX
  PERIPHERALS_8BIT      00000010   000000f0  00000000  000000f0  RWIX
  PERIPHERALS_16BIT     00000100   00000100  00000000  00000100  RWIX
  RAM01                 00000200   00000002  00000002  00000000  RWIX
  RAM02                 00000202   00000004  00000004  00000000  RWIX
  RAM03                 00000206   00000002  00000002  00000000  RWIX
  RAM04                 00000208   00000002  00000002  00000000  RWIX
  RAM05                 0000020a   00000002  00000002  00000000  RWIX
  RAM06                 0000020c   00000002  00000002  00000000  RWIX
  RAM07                 0000020e   00000002  00000002  00000000  RWIX
  RAM08                 00000210   00000002  00000002  00000000  RWIX
  RAM09                 00000212   00000002  00000002  00000000  RWIX
  RAM10                 00000214   00000002  00000002  00000000  RWIX
  RAM11                 00000216   00000002  00000002  00000000  RWIX
  RAM12                 00000218   00000002  00000002  00000000  RWIX
  RAM                   0000021a   000001da  00000098  00000142  RWIX
  INFOD                 00001000   00000040  00000000  00000040  RWIX
  INFOC                 00001040   00000040  00000000  00000040  RWIX
  INFOB                 00001080   00000040  00000000  00000040  RWIX
  INFOA                 000010c0   00000040  00000000  00000040  RWIX
  FLASH                 0000c000   00003fe0  00000712  000038ce  RWIX
  INT00                 0000ffe0   00000002  00000000  00000002  RWIX
  INT01                 0000ffe2   00000002  00000000  00000002  RWIX
  INT02                 0000ffe4   00000002  00000002  00000000  RWIX
  INT03                 0000ffe6   00000002  00000002  00000000  RWIX
  INT04                 0000ffe8   00000002  00000000  00000002  RWIX
  INT05                 0000ffea   00000002  00000002  00000000  RWIX
  INT06                 0000ffec   00000002  00000002  00000000  RWIX
  INT07                 0000ffee   00000002  00000002  00000000  RWIX
  INT08                 0000fff0   00000002  00000002  00000000  RWIX
  INT09                 0000fff2   00000002  00000002  00000000  RWIX
  INT10                 0000fff4   00000002  00000002  00000000  RWIX
  INT11                 0000fff6   00000002  00000002  00000000  RWIX
  INT12                 0000fff8   00000002  00000002  00000000  RWIX
  INT13                 0000fffa   00000002  00000002  00000000  RWIX
  INT14                 0000fffc   00000002  00000002  00000000  RWIX
  RESET                 0000fffe   00000002  00000002  00000000  RWIX


SECTION ALLOCATION MAP

 output                                  attributes/
section   page    origin      length       input sections
--------  ----  ----------  ----------   ----------------
.init_array 
*          0    0000c000    00000000     UNINITIALIZED

.mysect01 
*          0    00000200    00000002     UNINITIALIZED
                  00000200    00000002     utility.obj (.mysect01)

.mysect02 
*          0    00000202    00000004     UNINITIALIZED
                  00000202    00000004     utility.obj (.mysect02)

.mysect03 
*          0    00000206    00000002     UNINITIALIZED
                  00000206    00000002     utility.obj (.mysect03)

.mysect04 
*          0    00000208    00000002     UNINITIALIZED
                  00000208    00000002     utility.obj (.mysect04)

.mysect05 
*          0    0000020a    00000002     UNINITIALIZED
                  0000020a    00000002     utility.obj (.mysect05)

.mysect06 
*          0    0000020c    00000002     UNINITIALIZED
                  0000020c    00000002     utility.obj (.mysect06)

.mysect07 
*          0    0000020e    00000002     UNINITIALIZED
                  0000020e    00000002     utility.obj (.mysect07)

.mysect08 
*          0    00000210    00000002     UNINITIALIZED
                  00000210    00000002     utility.obj (.mysect08)

.mysect09 
*          0    00000212    00000002     UNINITIALIZED
                  00000212    00000002     utility.obj (.mysect09)

.mysect10 
*          0    00000214    00000002     UNINITIALIZED
                  00000214    00000002     utility.obj (.mysect10)

.mysect11 
*          0    00000216    00000002     UNINITIALIZED
                  00000216    00000002     utility.obj (.mysect11)

.mysect12 
*          0    00000218    00000002     UNINITIALIZED
                  00000218    00000002     utility.obj (.mysect12)

.bss       0    0000021a    00000046     UNINITIALIZED
                  0000021a    00000044     (.common:gInCmdBuffer)
                  0000025e    00000002     (.common:gInCmdSkipCount)

.TI.noinit 
*          0    0000021a    00000000     UNINITIALIZED

.data      0    00000260    00000002     UNINITIALIZED
                  00000260    00000002     monitor.obj (.data)

.TI.persistent 
*          0    00000260    00000000     UNINITIALIZED

.stack     0    000003a4    00000050     UNINITIALIZED
                  000003a4    00000002     rts430_eabi.lib : boot.obj (.stack)
                  000003a6    0000004e     --HOLE--

.text      0    0000c000    00000680     
                  0000c000    00000134     utility.obj (.text:Initialize)
                  0000c134    00000066     monitor.obj (.text:receivedDataCommand)
                  0000c19a    0000005e     rts430_eabi.lib : copy_decompress_rle.obj (.text:__TI_decompress_rle_core)
                  0000c1f8    0000005e                     : autoinit.obj (.text:_auto_init)
                  0000c256    00000050     monitor.obj (.text:MemAccessCmd)
                  0000c2a6    0000004c     utility.obj (.text:UpdateGPIO)
                  0000c2f2    0000004a     monitor.obj (.text:WriteMAUToCOM)
                  0000c33c    00000046     utility.obj (.text:UpdateCUR)
                  0000c382    0000003c     main.obj (.text:Timer1_A1)
                  0000c3be    0000003a     monitor.obj (.text:GetInCmdAddress)
                  0000c3f8    00000038     monitor.obj (.text:GetWriteCmdDataMAU)
                  0000c430    00000034     uart.obj (.text:USCI0RX_ISR)
                  0000c464    0000002c     rts430_eabi.lib : asr16.obj (.text)
                  0000c490    0000002c                     : lsl16.obj (.text)
                  0000c4bc    0000002a     uart.obj (.text:uartInit)
                  0000c4e6    00000026     monitor.obj (.text:ProcessCommand)
                  0000c50c    0000001e     monitor.obj (.text:GetSizeOfMAUIn8bitByte)
                  0000c52a    0000001a     monitor.obj (.text:WriteToCmdBuffer)
                  0000c544    0000001a     rts430_eabi.lib : boot.obj (.text:_c_int00_noexit)
                  0000c55e    00000016     utility.obj (.text:UpdatePWM)
                  0000c574    00000016     utility.obj (.text:UpdateVREF)
                  0000c58a    00000016     main.obj (.text:WatchDog_Timer)
                  0000c5a0    00000016     main.obj (.text:main)
                  0000c5b6    00000014     monitor.obj (.text:VerifyInputCmdHeaders)
                  0000c5ca    00000014     rts430_eabi.lib : copy_zero_init.obj (.text:decompress:ZI:__TI_zero_init)
                  0000c5de    00000014                     : mult16.obj (.text)
                  0000c5f2    00000012                     : copy_decompress_none.obj (.text:decompress:none:__TI_decompress_none)
                  0000c604    00000012                     : memcpy.obj (.text:memcpy)
                  0000c616    00000010     monitor.obj (.text:WriteByteToInCmdBuffer)
                  0000c626    00000010     rts430_eabi.lib : epilog.obj (.text)
                  0000c636    0000000c     monitor.obj (.text:GetRWFlag)
                  0000c642    0000000c     uart.obj (.text:uartTxByte)
                  0000c64e    0000000a     monitor.obj (.text:ClearBufferRelatedParam)
                  0000c658    0000000a     monitor.obj (.text:GetInputCmdType)
                  0000c662    0000000a     monitor.obj (.text:GetTransferSizeInMAU)
                  0000c66c    00000006     rts430_eabi.lib : copy_decompress_rle.obj (.text:decompress:rle24:__TI_decompress_rle24)
                  0000c672    00000004     monitor.obj (.text:GetTargetEndianness)
                  0000c676    00000004     rts430_eabi.lib : pre_init.obj (.text:_system_pre_init)
                  0000c67a    00000004                     : exit.obj (.text:abort)
                  0000c67e    00000002     main.obj (.text:Trap_ISR)

.cinit     0    0000c680    00000092     
                  0000c680    00000008     (.cinit..mysect02.load) [load image]
                  0000c688    00000006     (.cinit..data.load) [load image]
                  0000c68e    00000006     (.cinit..mysect01.load) [load image]
                  0000c694    00000006     (.cinit..mysect03.load) [load image]
                  0000c69a    00000006     (.cinit..mysect04.load) [load image]
                  0000c6a0    00000006     (.cinit..mysect05.load) [load image]
                  0000c6a6    00000006     (.cinit..mysect06.load) [load image]
                  0000c6ac    00000006     (.cinit..mysect07.load) [load image]
                  0000c6b2    00000006     (.cinit..mysect08.load) [load image]
                  0000c6b8    00000006     (.cinit..mysect09.load) [load image]
                  0000c6be    00000006     (.cinit..mysect10.load) [load image]
                  0000c6c4    00000006     (.cinit..mysect11.load) [load image]
                  0000c6ca    00000006     (.cinit..mysect12.load) [load image]
                  0000c6d0    00000006     (__TI_handler_table)
                  0000c6d6    00000004     (.cinit..bss.load) [load image, compression = zero_init]
                  0000c6da    00000038     (__TI_cinit_table)

PORT1      0    0000ffe4    00000002     
                  0000ffe4    00000002     main.obj (.int02)

PORT2      0    0000ffe6    00000002     
                  0000ffe6    00000002     main.obj (.int03)

ADC10      0    0000ffea    00000002     
                  0000ffea    00000002     main.obj (.int05)

USCIAB0TX 
*          0    0000ffec    00000002     
                  0000ffec    00000002     main.obj (.int06)

USCIAB0RX 
*          0    0000ffee    00000002     
                  0000ffee    00000002     uart.obj (.int07)

TIMER0_A1 
*          0    0000fff0    00000002     
                  0000fff0    00000002     main.obj (.int08)

TIMER0_A0 
*          0    0000fff2    00000002     
                  0000fff2    00000002     main.obj (.int09)

WDT        0    0000fff4    00000002     
                  0000fff4    00000002     main.obj (.int10)

COMPARATORA 
*          0    0000fff6    00000002     
                  0000fff6    00000002     main.obj (.int11)

TIMER1_A1 
*          0    0000fff8    00000002     
                  0000fff8    00000002     main.obj (.int12)

TIMER1_A0 
*          0    0000fffa    00000002     
                  0000fffa    00000002     main.obj (.int13)

NMI        0    0000fffc    00000002     
                  0000fffc    00000002     main.obj (.int14)

.reset     0    0000fffe    00000002     
                  0000fffe    00000002     rts430_eabi.lib : boot.obj (.reset)


LINKER GENERATED COPY TABLES

__TI_cinit_table @ 0000c6da records: 14, size/record: 4, table size: 56
	.mysect02: load addr=0000c680, load size=00000008 bytes, run addr=00000202, run size=00000004 bytes, compression=copy
	.data: load addr=0000c688, load size=00000006 bytes, run addr=00000260, run size=00000002 bytes, compression=copy
	.mysect01: load addr=0000c68e, load size=00000006 bytes, run addr=00000200, run size=00000002 bytes, compression=copy
	.mysect03: load addr=0000c694, load size=00000006 bytes, run addr=00000206, run size=00000002 bytes, compression=copy
	.mysect04: load addr=0000c69a, load size=00000006 bytes, run addr=00000208, run size=00000002 bytes, compression=copy
	.mysect05: load addr=0000c6a0, load size=00000006 bytes, run addr=0000020a, run size=00000002 bytes, compression=copy
	.mysect06: load addr=0000c6a6, load size=00000006 bytes, run addr=0000020c, run size=00000002 bytes, compression=copy
	.mysect07: load addr=0000c6ac, load size=00000006 bytes, run addr=0000020e, run size=00000002 bytes, compression=copy
	.mysect08: load addr=0000c6b2, load size=00000006 bytes, run addr=00000210, run size=00000002 bytes, compression=copy
	.mysect09: load addr=0000c6b8, load size=00000006 bytes, run addr=00000212, run size=00000002 bytes, compression=copy
	.mysect10: load addr=0000c6be, load size=00000006 bytes, run addr=00000214, run size=00000002 bytes, compression=copy
	.mysect11: load addr=0000c6c4, load size=00000006 bytes, run addr=00000216, run size=00000002 bytes, compression=copy
	.mysect12: load addr=0000c6ca, load size=00000006 bytes, run addr=00000218, run size=00000002 bytes, compression=copy
	.bss: load addr=0000c6d6, load size=00000004 bytes, run addr=0000021a, run size=00000046 bytes, compression=zero_init


LINKER GENERATED HANDLER TABLE

__TI_handler_table @ 0000c6d0 records: 3, size/record: 2, table size: 6
	index: 0, handler: __TI_zero_init
	index: 1, handler: __TI_decompress_rle24
	index: 2, handler: __TI_decompress_none


GLOBAL SYMBOLS: SORTED ALPHABETICALLY BY Name 

address    name
--------   ----
0000004a   ADC10AE0
000001b0   ADC10CTL0
000001b2   ADC10CTL1
00000048   ADC10DTC0
00000049   ADC10DTC1
000001b4   ADC10MEM
000001bc   ADC10SA
00000057   BCSCTL1
00000058   BCSCTL2
00000053   BCSCTL3
0000c67a   C$$EXIT
00000059   CACTL1
0000005a   CACTL2
000010fb   CALBC1_12MHZ
000010f9   CALBC1_16MHZ
000010ff   CALBC1_1MHZ
000010fd   CALBC1_8MHZ
000010fa   CALDCO_12MHZ
000010f8   CALDCO_16MHZ
000010fe   CALDCO_1MHZ
000010fc   CALDCO_8MHZ
0000005b   CAPD
0000c64e   ClearBufferRelatedParam
00000056   DCOCTL
00000128   FCTL1
0000012a   FCTL2
0000012c   FCTL3
00000212   G_EN_IN2
00000214   G_EN_IN2_TEMP
00000202   G_FIRMWARE_VERSION
00000200   G_LED_COUNT
00000216   G_MOTOR_CURRENT
0000020a   G_PH_IN1
0000020c   G_SNSOUT
00000218   G_SO_OFFSET
0000020e   G_VREF
00000210   G_VREF_TEMP
00000206   G_nFAULT
00000208   G_nSLEEP
0000c3be   GetInCmdAddress
0000c658   GetInputCmdType
0000c636   GetRWFlag
0000c50c   GetSizeOfMAUIn8bitByte
0000c672   GetTargetEndianness
0000c662   GetTransferSizeInMAU
0000c3f8   GetWriteCmdDataMAU
00000000   IE1
00000001   IE2
00000002   IFG1
00000003   IFG2
0000c000   Initialize
0000c256   MemAccessCmd
00000022   P1DIR
00000025   P1IE
00000024   P1IES
00000023   P1IFG
00000020   P1IN
00000021   P1OUT
00000027   P1REN
00000026   P1SEL
00000041   P1SEL2
0000002a   P2DIR
0000002d   P2IE
0000002c   P2IES
0000002b   P2IFG
00000028   P2IN
00000029   P2OUT
0000002f   P2REN
0000002e   P2SEL
00000042   P2SEL2
0000001a   P3DIR
00000018   P3IN
00000019   P3OUT
00000010   P3REN
0000001b   P3SEL
00000043   P3SEL2
0000c4e6   ProcessCommand
00000172   TA0CCR0
00000174   TA0CCR1
00000176   TA0CCR2
00000162   TA0CCTL0
00000164   TA0CCTL1
00000166   TA0CCTL2
00000160   TA0CTL
0000012e   TA0IV
00000170   TA0R
00000192   TA1CCR0
00000194   TA1CCR1
00000196   TA1CCR2
00000182   TA1CCTL0
00000184   TA1CCTL1
00000186   TA1CCTL2
00000180   TA1CTL
0000011e   TA1IV
00000190   TA1R
000010db   TLV_ADC10_1_LEN
000010da   TLV_ADC10_1_TAG
000010c0   TLV_CHECKSUM
000010f7   TLV_DCO_30_LEN
000010f6   TLV_DCO_30_TAG
0000c382   Timer1_A1
0000c67e   Trap_ISR
0000005d   UCA0ABCTL
00000062   UCA0BR0
00000063   UCA0BR1
00000060   UCA0CTL0
00000061   UCA0CTL1
0000005f   UCA0IRRCTL
0000005e   UCA0IRTCTL
00000064   UCA0MCTL
00000066   UCA0RXBUF
00000065   UCA0STAT
00000067   UCA0TXBUF
0000006a   UCB0BR0
0000006b   UCB0BR1
00000068   UCB0CTL0
00000069   UCB0CTL1
0000006c   UCB0I2CIE
00000118   UCB0I2COA
0000011a   UCB0I2CSA
0000006e   UCB0RXBUF
0000006d   UCB0STAT
0000006f   UCB0TXBUF
0000c430   USCI0RX_ISR
0000c33c   UpdateCUR
0000c2a6   UpdateGPIO
0000c55e   UpdatePWM
0000c574   UpdateVREF
0000c5b6   VerifyInputCmdHeaders
00000120   WDTCTL
0000c58a   WatchDog_Timer
0000c642   Write8bitByteToCOM
0000c616   WriteByteToInCmdBuffer
0000c2f2   WriteMAUToCOM
0000c52a   WriteToCmdBuffer
000003f4   __STACK_END
00000050   __STACK_SIZE
0000c6da   __TI_CINIT_Base
0000c712   __TI_CINIT_Limit
0000c6d0   __TI_Handler_Table_Base
0000c6d6   __TI_Handler_Table_Limit
UNDEFED    __TI_INITARRAY_Base
UNDEFED    __TI_INITARRAY_Limit
00000001   __TI_args_main
0000c5f2   __TI_decompress_none
0000c66c   __TI_decompress_rle24
00000001   __TI_exit
0000ffe4   __TI_int02
0000ffe6   __TI_int03
0000ffea   __TI_int05
0000ffec   __TI_int06
0000ffee   __TI_int07
0000fff0   __TI_int08
0000fff2   __TI_int09
0000fff4   __TI_int10
0000fff6   __TI_int11
0000fff8   __TI_int12
0000fffa   __TI_int13
0000fffc   __TI_int14
0000c5ca   __TI_zero_init
ffffffff   __binit__
ffffffff   __c_args__
0000c632   __mspabi_func_epilog_1
0000c630   __mspabi_func_epilog_2
0000c62e   __mspabi_func_epilog_3
0000c62c   __mspabi_func_epilog_4
0000c62a   __mspabi_func_epilog_5
0000c628   __mspabi_func_epilog_6
0000c626   __mspabi_func_epilog_7
0000c5de   __mspabi_mpyi
0000c490   __mspabi_slli
0000c4b8   __mspabi_slli_1
0000c4a6   __mspabi_slli_10
0000c4a4   __mspabi_slli_11
0000c4a2   __mspabi_slli_12
0000c4a0   __mspabi_slli_13
0000c49e   __mspabi_slli_14
0000c49c   __mspabi_slli_15
0000c4b6   __mspabi_slli_2
0000c4b4   __mspabi_slli_3
0000c4b2   __mspabi_slli_4
0000c4b0   __mspabi_slli_5
0000c4ae   __mspabi_slli_6
0000c4ac   __mspabi_slli_7
0000c4aa   __mspabi_slli_8
0000c4a8   __mspabi_slli_9
0000c464   __mspabi_srai
0000c48c   __mspabi_srai_1
0000c47a   __mspabi_srai_10
0000c478   __mspabi_srai_11
0000c476   __mspabi_srai_12
0000c474   __mspabi_srai_13
0000c472   __mspabi_srai_14
0000c470   __mspabi_srai_15
0000c48a   __mspabi_srai_2
0000c488   __mspabi_srai_3
0000c486   __mspabi_srai_4
0000c484   __mspabi_srai_5
0000c482   __mspabi_srai_6
0000c480   __mspabi_srai_7
0000c47e   __mspabi_srai_8
0000c47c   __mspabi_srai_9
0000c1f8   _auto_init
0000c544   _c_int00
0000c544   _c_int00_noexit
0000fffe   _reset_vector
000003a4   _stack
0000c676   _system_pre_init
0000c67a   abort
ffffffff   binit
0000021a   gInCmdBuffer
00000260   gInCmdBufferIdx
0000025e   gInCmdSkipCount
0000c5a0   main
0000c604   memcpy
0000c134   receivedDataCommand
0000c4bc   uartInit
0000c642   uartTxByte


GLOBAL SYMBOLS: SORTED BY Symbol Address 

address    name
--------   ----
00000000   IE1
00000001   IE2
00000001   __TI_args_main
00000001   __TI_exit
00000002   IFG1
00000003   IFG2
00000010   P3REN
00000018   P3IN
00000019   P3OUT
0000001a   P3DIR
0000001b   P3SEL
00000020   P1IN
00000021   P1OUT
00000022   P1DIR
00000023   P1IFG
00000024   P1IES
00000025   P1IE
00000026   P1SEL
00000027   P1REN
00000028   P2IN
00000029   P2OUT
0000002a   P2DIR
0000002b   P2IFG
0000002c   P2IES
0000002d   P2IE
0000002e   P2SEL
0000002f   P2REN
00000041   P1SEL2
00000042   P2SEL2
00000043   P3SEL2
00000048   ADC10DTC0
00000049   ADC10DTC1
0000004a   ADC10AE0
00000050   __STACK_SIZE
00000053   BCSCTL3
00000056   DCOCTL
00000057   BCSCTL1
00000058   BCSCTL2
00000059   CACTL1
0000005a   CACTL2
0000005b   CAPD
0000005d   UCA0ABCTL
0000005e   UCA0IRTCTL
0000005f   UCA0IRRCTL
00000060   UCA0CTL0
00000061   UCA0CTL1
00000062   UCA0BR0
00000063   UCA0BR1
00000064   UCA0MCTL
00000065   UCA0STAT
00000066   UCA0RXBUF
00000067   UCA0TXBUF
00000068   UCB0CTL0
00000069   UCB0CTL1
0000006a   UCB0BR0
0000006b   UCB0BR1
0000006c   UCB0I2CIE
0000006d   UCB0STAT
0000006e   UCB0RXBUF
0000006f   UCB0TXBUF
00000118   UCB0I2COA
0000011a   UCB0I2CSA
0000011e   TA1IV
00000120   WDTCTL
00000128   FCTL1
0000012a   FCTL2
0000012c   FCTL3
0000012e   TA0IV
00000160   TA0CTL
00000162   TA0CCTL0
00000164   TA0CCTL1
00000166   TA0CCTL2
00000170   TA0R
00000172   TA0CCR0
00000174   TA0CCR1
00000176   TA0CCR2
00000180   TA1CTL
00000182   TA1CCTL0
00000184   TA1CCTL1
00000186   TA1CCTL2
00000190   TA1R
00000192   TA1CCR0
00000194   TA1CCR1
00000196   TA1CCR2
000001b0   ADC10CTL0
000001b2   ADC10CTL1
000001b4   ADC10MEM
000001bc   ADC10SA
00000200   G_LED_COUNT
00000202   G_FIRMWARE_VERSION
00000206   G_nFAULT
00000208   G_nSLEEP
0000020a   G_PH_IN1
0000020c   G_SNSOUT
0000020e   G_VREF
00000210   G_VREF_TEMP
00000212   G_EN_IN2
00000214   G_EN_IN2_TEMP
00000216   G_MOTOR_CURRENT
00000218   G_SO_OFFSET
0000021a   gInCmdBuffer
0000025e   gInCmdSkipCount
00000260   gInCmdBufferIdx
000003a4   _stack
000003f4   __STACK_END
000010c0   TLV_CHECKSUM
000010da   TLV_ADC10_1_TAG
000010db   TLV_ADC10_1_LEN
000010f6   TLV_DCO_30_TAG
000010f7   TLV_DCO_30_LEN
000010f8   CALDCO_16MHZ
000010f9   CALBC1_16MHZ
000010fa   CALDCO_12MHZ
000010fb   CALBC1_12MHZ
000010fc   CALDCO_8MHZ
000010fd   CALBC1_8MHZ
000010fe   CALDCO_1MHZ
000010ff   CALBC1_1MHZ
0000c000   Initialize
0000c134   receivedDataCommand
0000c1f8   _auto_init
0000c256   MemAccessCmd
0000c2a6   UpdateGPIO
0000c2f2   WriteMAUToCOM
0000c33c   UpdateCUR
0000c382   Timer1_A1
0000c3be   GetInCmdAddress
0000c3f8   GetWriteCmdDataMAU
0000c430   USCI0RX_ISR
0000c464   __mspabi_srai
0000c470   __mspabi_srai_15
0000c472   __mspabi_srai_14
0000c474   __mspabi_srai_13
0000c476   __mspabi_srai_12
0000c478   __mspabi_srai_11
0000c47a   __mspabi_srai_10
0000c47c   __mspabi_srai_9
0000c47e   __mspabi_srai_8
0000c480   __mspabi_srai_7
0000c482   __mspabi_srai_6
0000c484   __mspabi_srai_5
0000c486   __mspabi_srai_4
0000c488   __mspabi_srai_3
0000c48a   __mspabi_srai_2
0000c48c   __mspabi_srai_1
0000c490   __mspabi_slli
0000c49c   __mspabi_slli_15
0000c49e   __mspabi_slli_14
0000c4a0   __mspabi_slli_13
0000c4a2   __mspabi_slli_12
0000c4a4   __mspabi_slli_11
0000c4a6   __mspabi_slli_10
0000c4a8   __mspabi_slli_9
0000c4aa   __mspabi_slli_8
0000c4ac   __mspabi_slli_7
0000c4ae   __mspabi_slli_6
0000c4b0   __mspabi_slli_5
0000c4b2   __mspabi_slli_4
0000c4b4   __mspabi_slli_3
0000c4b6   __mspabi_slli_2
0000c4b8   __mspabi_slli_1
0000c4bc   uartInit
0000c4e6   ProcessCommand
0000c50c   GetSizeOfMAUIn8bitByte
0000c52a   WriteToCmdBuffer
0000c544   _c_int00
0000c544   _c_int00_noexit
0000c55e   UpdatePWM
0000c574   UpdateVREF
0000c58a   WatchDog_Timer
0000c5a0   main
0000c5b6   VerifyInputCmdHeaders
0000c5ca   __TI_zero_init
0000c5de   __mspabi_mpyi
0000c5f2   __TI_decompress_none
0000c604   memcpy
0000c616   WriteByteToInCmdBuffer
0000c626   __mspabi_func_epilog_7
0000c628   __mspabi_func_epilog_6
0000c62a   __mspabi_func_epilog_5
0000c62c   __mspabi_func_epilog_4
0000c62e   __mspabi_func_epilog_3
0000c630   __mspabi_func_epilog_2
0000c632   __mspabi_func_epilog_1
0000c636   GetRWFlag
0000c642   Write8bitByteToCOM
0000c642   uartTxByte
0000c64e   ClearBufferRelatedParam
0000c658   GetInputCmdType
0000c662   GetTransferSizeInMAU
0000c66c   __TI_decompress_rle24
0000c672   GetTargetEndianness
0000c676   _system_pre_init
0000c67a   C$$EXIT
0000c67a   abort
0000c67e   Trap_ISR
0000c6d0   __TI_Handler_Table_Base
0000c6d6   __TI_Handler_Table_Limit
0000c6da   __TI_CINIT_Base
0000c712   __TI_CINIT_Limit
0000ffe4   __TI_int02
0000ffe6   __TI_int03
0000ffea   __TI_int05
0000ffec   __TI_int06
0000ffee   __TI_int07
0000fff0   __TI_int08
0000fff2   __TI_int09
0000fff4   __TI_int10
0000fff6   __TI_int11
0000fff8   __TI_int12
0000fffa   __TI_int13
0000fffc   __TI_int14
0000fffe   _reset_vector
ffffffff   __binit__
ffffffff   __c_args__
ffffffff   binit
UNDEFED    __TI_INITARRAY_Base
UNDEFED    __TI_INITARRAY_Limit

[218 symbols]
